
===========================================================================
report_checks -path_delay max (Setup)
============================================================================
======================= Fastest Corner ===================================

Startpoint: b[1] (input port clocked by __VIRTUAL_CLK__)
Endpoint: sum[3] (output port clocked by __VIRTUAL_CLK__)
Path Group: __VIRTUAL_CLK__
Path Type: max
Corner: Fastest

Fanout     Cap    Slew   Delay    Time   Description
-----------------------------------------------------------------------------
                  0.00    0.00    0.00   clock __VIRTUAL_CLK__ (rise edge)
                          0.00    0.00   clock network delay (ideal)
                          2.00    2.00 ^ input external delay
                  0.02    0.01    2.01 ^ b[1] (in)
     1    0.00                           b[1] (net)
                  0.02    0.00    2.01 ^ input6/A (sky130_fd_sc_hd__buf_1)
                  0.11    0.11    2.12 ^ input6/X (sky130_fd_sc_hd__buf_1)
     3    0.01                           net6 (net)
                  0.11    0.00    2.12 ^ _22_/A (sky130_fd_sc_hd__nand2_1)
                  0.06    0.07    2.19 v _22_/Y (sky130_fd_sc_hd__nand2_1)
     3    0.01                           _04_ (net)
                  0.06    0.00    2.19 v _28_/A3 (sky130_fd_sc_hd__a31o_1)
                  0.04    0.17    2.37 v _28_/X (sky130_fd_sc_hd__a31o_1)
     2    0.01                           _09_ (net)
                  0.04    0.00    2.37 v _36_/A1 (sky130_fd_sc_hd__a21boi_1)
                  0.16    0.15    2.52 ^ _36_/Y (sky130_fd_sc_hd__a21boi_1)
     2    0.01                           _16_ (net)
                  0.16    0.00    2.52 ^ _37_/B (sky130_fd_sc_hd__xnor2_1)
                  0.09    0.08    2.60 ^ _37_/Y (sky130_fd_sc_hd__xnor2_1)
     1    0.00                           net14 (net)
                  0.09    0.00    2.60 ^ output14/A (sky130_fd_sc_hd__buf_2)
                  0.13    0.16    2.76 ^ output14/X (sky130_fd_sc_hd__buf_2)
     1    0.03                           sum[3] (net)
                  0.13    0.00    2.76 ^ sum[3] (out)
                                  2.76   data arrival time

                  0.00   10.00   10.00   clock __VIRTUAL_CLK__ (rise edge)
                          0.00   10.00   clock network delay (ideal)
                         -0.25    9.75   clock uncertainty
                          0.00    9.75   clock reconvergence pessimism
                         -2.00    7.75   output external delay
                                  7.75   data required time
-----------------------------------------------------------------------------
                                  7.75   data required time
                                 -2.76   data arrival time
-----------------------------------------------------------------------------
                                  4.99   slack (MET)


Startpoint: b[1] (input port clocked by __VIRTUAL_CLK__)
Endpoint: cout (output port clocked by __VIRTUAL_CLK__)
Path Group: __VIRTUAL_CLK__
Path Type: max
Corner: Fastest

Fanout     Cap    Slew   Delay    Time   Description
-----------------------------------------------------------------------------
                  0.00    0.00    0.00   clock __VIRTUAL_CLK__ (rise edge)
                          0.00    0.00   clock network delay (ideal)
                          2.00    2.00 ^ input external delay
                  0.02    0.01    2.01 ^ b[1] (in)
     1    0.00                           b[1] (net)
                  0.02    0.00    2.01 ^ input6/A (sky130_fd_sc_hd__buf_1)
                  0.11    0.11    2.12 ^ input6/X (sky130_fd_sc_hd__buf_1)
     3    0.01                           net6 (net)
                  0.11    0.00    2.12 ^ _22_/A (sky130_fd_sc_hd__nand2_1)
                  0.06    0.07    2.19 v _22_/Y (sky130_fd_sc_hd__nand2_1)
     3    0.01                           _04_ (net)
                  0.06    0.00    2.19 v _28_/A3 (sky130_fd_sc_hd__a31o_1)
                  0.04    0.17    2.37 v _28_/X (sky130_fd_sc_hd__a31o_1)
     2    0.01                           _09_ (net)
                  0.04    0.00    2.37 v _36_/A1 (sky130_fd_sc_hd__a21boi_1)
                  0.16    0.15    2.52 ^ _36_/Y (sky130_fd_sc_hd__a21boi_1)
     2    0.01                           _16_ (net)
                  0.16    0.00    2.52 ^ _38_/A2 (sky130_fd_sc_hd__o21a_1)
                  0.04    0.09    2.60 ^ _38_/X (sky130_fd_sc_hd__o21a_1)
     1    0.00                           net10 (net)
                  0.04    0.00    2.60 ^ output10/A (sky130_fd_sc_hd__clkbuf_4)
                  0.09    0.13    2.74 ^ output10/X (sky130_fd_sc_hd__clkbuf_4)
     1    0.04                           cout (net)
                  0.09    0.00    2.74 ^ cout (out)
                                  2.74   data arrival time

                  0.00   10.00   10.00   clock __VIRTUAL_CLK__ (rise edge)
                          0.00   10.00   clock network delay (ideal)
                         -0.25    9.75   clock uncertainty
                          0.00    9.75   clock reconvergence pessimism
                         -2.00    7.75   output external delay
                                  7.75   data required time
-----------------------------------------------------------------------------
                                  7.75   data required time
                                 -2.74   data arrival time
-----------------------------------------------------------------------------
                                  5.01   slack (MET)


Startpoint: b[1] (input port clocked by __VIRTUAL_CLK__)
Endpoint: sum[2] (output port clocked by __VIRTUAL_CLK__)
Path Group: __VIRTUAL_CLK__
Path Type: max
Corner: Fastest

Fanout     Cap    Slew   Delay    Time   Description
-----------------------------------------------------------------------------
                  0.00    0.00    0.00   clock __VIRTUAL_CLK__ (rise edge)
                          0.00    0.00   clock network delay (ideal)
                          2.00    2.00 ^ input external delay
                  0.02    0.01    2.01 ^ b[1] (in)
     1    0.00                           b[1] (net)
                  0.02    0.00    2.01 ^ input6/A (sky130_fd_sc_hd__buf_1)
                  0.11    0.11    2.12 ^ input6/X (sky130_fd_sc_hd__buf_1)
     3    0.01                           net6 (net)
                  0.11    0.00    2.12 ^ _22_/A (sky130_fd_sc_hd__nand2_1)
                  0.06    0.07    2.19 v _22_/Y (sky130_fd_sc_hd__nand2_1)
     3    0.01                           _04_ (net)
                  0.06    0.00    2.19 v _28_/A3 (sky130_fd_sc_hd__a31o_1)
                  0.04    0.17    2.37 v _28_/X (sky130_fd_sc_hd__a31o_1)
     2    0.01                           _09_ (net)
                  0.04    0.00    2.37 v _32_/A (sky130_fd_sc_hd__xor2_1)
                  0.12    0.14    2.50 ^ _32_/X (sky130_fd_sc_hd__xor2_1)
     1    0.01                           net13 (net)
                  0.12    0.00    2.50 ^ output13/A (sky130_fd_sc_hd__clkbuf_4)
                  0.08    0.16    2.66 ^ output13/X (sky130_fd_sc_hd__clkbuf_4)
     1    0.03                           sum[2] (net)
                  0.08    0.00    2.66 ^ sum[2] (out)
                                  2.66   data arrival time

                  0.00   10.00   10.00   clock __VIRTUAL_CLK__ (rise edge)
                          0.00   10.00   clock network delay (ideal)
                         -0.25    9.75   clock uncertainty
                          0.00    9.75   clock reconvergence pessimism
                         -2.00    7.75   output external delay
                                  7.75   data required time
-----------------------------------------------------------------------------
                                  7.75   data required time
                                 -2.66   data arrival time
-----------------------------------------------------------------------------
                                  5.09   slack (MET)


Startpoint: b[1] (input port clocked by __VIRTUAL_CLK__)
Endpoint: sum[1] (output port clocked by __VIRTUAL_CLK__)
Path Group: __VIRTUAL_CLK__
Path Type: max
Corner: Fastest

Fanout     Cap    Slew   Delay    Time   Description
-----------------------------------------------------------------------------
                  0.00    0.00    0.00   clock __VIRTUAL_CLK__ (rise edge)
                          0.00    0.00   clock network delay (ideal)
                          2.00    2.00 v input external delay
                  0.01    0.00    2.00 v b[1] (in)
     1    0.00                           b[1] (net)
                  0.01    0.00    2.00 v input6/A (sky130_fd_sc_hd__buf_1)
                  0.05    0.08    2.08 v input6/X (sky130_fd_sc_hd__buf_1)
     3    0.01                           net6 (net)
                  0.05    0.00    2.08 v _23_/A (sky130_fd_sc_hd__or2_1)
                  0.04    0.16    2.24 v _23_/X (sky130_fd_sc_hd__or2_1)
     2    0.01                           _05_ (net)
                  0.04    0.00    2.24 v _24_/B2 (sky130_fd_sc_hd__a22o_1)
                  0.03    0.10    2.34 v _24_/X (sky130_fd_sc_hd__a22o_1)
     1    0.00                           _06_ (net)
                  0.03    0.00    2.34 v _26_/A (sky130_fd_sc_hd__nand2_1)
                  0.05    0.05    2.39 ^ _26_/Y (sky130_fd_sc_hd__nand2_1)
     1    0.00                           net12 (net)
                  0.05    0.00    2.39 ^ output12/A (sky130_fd_sc_hd__clkbuf_4)
                  0.09    0.14    2.53 ^ output12/X (sky130_fd_sc_hd__clkbuf_4)
     1    0.04                           sum[1] (net)
                  0.09    0.00    2.53 ^ sum[1] (out)
                                  2.53   data arrival time

                  0.00   10.00   10.00   clock __VIRTUAL_CLK__ (rise edge)
                          0.00   10.00   clock network delay (ideal)
                         -0.25    9.75   clock uncertainty
                          0.00    9.75   clock reconvergence pessimism
                         -2.00    7.75   output external delay
                                  7.75   data required time
-----------------------------------------------------------------------------
                                  7.75   data required time
                                 -2.53   data arrival time
-----------------------------------------------------------------------------
                                  5.22   slack (MET)


Startpoint: b[0] (input port clocked by __VIRTUAL_CLK__)
Endpoint: sum[0] (output port clocked by __VIRTUAL_CLK__)
Path Group: __VIRTUAL_CLK__
Path Type: max
Corner: Fastest

Fanout     Cap    Slew   Delay    Time   Description
-----------------------------------------------------------------------------
                  0.00    0.00    0.00   clock __VIRTUAL_CLK__ (rise edge)
                          0.00    0.00   clock network delay (ideal)
                          2.00    2.00 v input external delay
                  0.00    0.00    2.00 v b[0] (in)
     1    0.00                           b[0] (net)
                  0.00    0.00    2.00 v input5/A (sky130_fd_sc_hd__buf_1)
                  0.05    0.08    2.08 v input5/X (sky130_fd_sc_hd__buf_1)
     3    0.01                           net5 (net)
                  0.05    0.00    2.08 v _18_/A (sky130_fd_sc_hd__or2_1)
                  0.04    0.15    2.23 v _18_/X (sky130_fd_sc_hd__or2_1)
     1    0.00                           _01_ (net)
                  0.04    0.00    2.23 v _19_/B (sky130_fd_sc_hd__nand2_1)
                  0.05    0.06    2.29 ^ _19_/Y (sky130_fd_sc_hd__nand2_1)
     1    0.01                           _02_ (net)
                  0.05    0.00    2.29 ^ _20_/B (sky130_fd_sc_hd__xnor2_1)
                  0.10    0.08    2.37 ^ _20_/Y (sky130_fd_sc_hd__xnor2_1)
     1    0.00                           net11 (net)
                  0.10    0.00    2.37 ^ output11/A (sky130_fd_sc_hd__clkbuf_4)
                  0.08    0.15    2.52 ^ output11/X (sky130_fd_sc_hd__clkbuf_4)
     1    0.03                           sum[0] (net)
                  0.08    0.00    2.52 ^ sum[0] (out)
                                  2.52   data arrival time

                  0.00   10.00   10.00   clock __VIRTUAL_CLK__ (rise edge)
                          0.00   10.00   clock network delay (ideal)
                         -0.25    9.75   clock uncertainty
                          0.00    9.75   clock reconvergence pessimism
                         -2.00    7.75   output external delay
                                  7.75   data required time
-----------------------------------------------------------------------------
                                  7.75   data required time
                                 -2.52   data arrival time
-----------------------------------------------------------------------------
                                  5.23   slack (MET)



======================= Slowest Corner ===================================

Startpoint: b[1] (input port clocked by __VIRTUAL_CLK__)
Endpoint: sum[3] (output port clocked by __VIRTUAL_CLK__)
Path Group: __VIRTUAL_CLK__
Path Type: max
Corner: Slowest

Fanout     Cap    Slew   Delay    Time   Description
-----------------------------------------------------------------------------
                  0.00    0.00    0.00   clock __VIRTUAL_CLK__ (rise edge)
                          0.00    0.00   clock network delay (ideal)
                          2.00    2.00 ^ input external delay
                  0.04    0.02    2.02 ^ b[1] (in)
     1    0.00                           b[1] (net)
                  0.04    0.00    2.02 ^ input6/A (sky130_fd_sc_hd__buf_1)
                  0.24    0.27    2.29 ^ input6/X (sky130_fd_sc_hd__buf_1)
     3    0.01                           net6 (net)
                  0.24    0.00    2.29 ^ _22_/A (sky130_fd_sc_hd__nand2_1)
                  0.19    0.27    2.57 v _22_/Y (sky130_fd_sc_hd__nand2_1)
     3    0.01                           _04_ (net)
                  0.19    0.00    2.57 v _28_/A3 (sky130_fd_sc_hd__a31o_1)
                  0.11    0.51    3.08 v _28_/X (sky130_fd_sc_hd__a31o_1)
     2    0.01                           _09_ (net)
                  0.11    0.00    3.08 v _36_/A1 (sky130_fd_sc_hd__a21boi_1)
                  0.35    0.37    3.45 ^ _36_/Y (sky130_fd_sc_hd__a21boi_1)
     2    0.01                           _16_ (net)
                  0.35    0.00    3.45 ^ _37_/B (sky130_fd_sc_hd__xnor2_1)
                  0.19    0.31    3.76 ^ _37_/Y (sky130_fd_sc_hd__xnor2_1)
     1    0.00                           net14 (net)
                  0.19    0.00    3.76 ^ output14/A (sky130_fd_sc_hd__buf_2)
                  0.27    0.42    4.19 ^ output14/X (sky130_fd_sc_hd__buf_2)
     1    0.03                           sum[3] (net)
                  0.27    0.00    4.19 ^ sum[3] (out)
                                  4.19   data arrival time

                  0.00   10.00   10.00   clock __VIRTUAL_CLK__ (rise edge)
                          0.00   10.00   clock network delay (ideal)
                         -0.25    9.75   clock uncertainty
                          0.00    9.75   clock reconvergence pessimism
                         -2.00    7.75   output external delay
                                  7.75   data required time
-----------------------------------------------------------------------------
                                  7.75   data required time
                                 -4.19   data arrival time
-----------------------------------------------------------------------------
                                  3.56   slack (MET)


Startpoint: b[1] (input port clocked by __VIRTUAL_CLK__)
Endpoint: cout (output port clocked by __VIRTUAL_CLK__)
Path Group: __VIRTUAL_CLK__
Path Type: max
Corner: Slowest

Fanout     Cap    Slew   Delay    Time   Description
-----------------------------------------------------------------------------
                  0.00    0.00    0.00   clock __VIRTUAL_CLK__ (rise edge)
                          0.00    0.00   clock network delay (ideal)
                          2.00    2.00 ^ input external delay
                  0.04    0.02    2.02 ^ b[1] (in)
     1    0.00                           b[1] (net)
                  0.04    0.00    2.02 ^ input6/A (sky130_fd_sc_hd__buf_1)
                  0.24    0.27    2.29 ^ input6/X (sky130_fd_sc_hd__buf_1)
     3    0.01                           net6 (net)
                  0.24    0.00    2.29 ^ _22_/A (sky130_fd_sc_hd__nand2_1)
                  0.19    0.27    2.57 v _22_/Y (sky130_fd_sc_hd__nand2_1)
     3    0.01                           _04_ (net)
                  0.19    0.00    2.57 v _28_/A3 (sky130_fd_sc_hd__a31o_1)
                  0.11    0.51    3.08 v _28_/X (sky130_fd_sc_hd__a31o_1)
     2    0.01                           _09_ (net)
                  0.11    0.00    3.08 v _36_/A1 (sky130_fd_sc_hd__a21boi_1)
                  0.35    0.37    3.45 ^ _36_/Y (sky130_fd_sc_hd__a21boi_1)
     2    0.01                           _16_ (net)
                  0.35    0.00    3.45 ^ _38_/A2 (sky130_fd_sc_hd__o21a_1)
                  0.09    0.33    3.78 ^ _38_/X (sky130_fd_sc_hd__o21a_1)
     1    0.00                           net10 (net)
                  0.09    0.00    3.78 ^ output10/A (sky130_fd_sc_hd__clkbuf_4)
                  0.18    0.36    4.14 ^ output10/X (sky130_fd_sc_hd__clkbuf_4)
     1    0.04                           cout (net)
                  0.18    0.00    4.14 ^ cout (out)
                                  4.14   data arrival time

                  0.00   10.00   10.00   clock __VIRTUAL_CLK__ (rise edge)
                          0.00   10.00   clock network delay (ideal)
                         -0.25    9.75   clock uncertainty
                          0.00    9.75   clock reconvergence pessimism
                         -2.00    7.75   output external delay
                                  7.75   data required time
-----------------------------------------------------------------------------
                                  7.75   data required time
                                 -4.14   data arrival time
-----------------------------------------------------------------------------
                                  3.61   slack (MET)


Startpoint: b[1] (input port clocked by __VIRTUAL_CLK__)
Endpoint: sum[2] (output port clocked by __VIRTUAL_CLK__)
Path Group: __VIRTUAL_CLK__
Path Type: max
Corner: Slowest

Fanout     Cap    Slew   Delay    Time   Description
-----------------------------------------------------------------------------
                  0.00    0.00    0.00   clock __VIRTUAL_CLK__ (rise edge)
                          0.00    0.00   clock network delay (ideal)
                          2.00    2.00 ^ input external delay
                  0.04    0.02    2.02 ^ b[1] (in)
     1    0.00                           b[1] (net)
                  0.04    0.00    2.02 ^ input6/A (sky130_fd_sc_hd__buf_1)
                  0.24    0.27    2.29 ^ input6/X (sky130_fd_sc_hd__buf_1)
     3    0.01                           net6 (net)
                  0.24    0.00    2.29 ^ _22_/A (sky130_fd_sc_hd__nand2_1)
                  0.19    0.27    2.57 v _22_/Y (sky130_fd_sc_hd__nand2_1)
     3    0.01                           _04_ (net)
                  0.19    0.00    2.57 v _28_/A3 (sky130_fd_sc_hd__a31o_1)
                  0.11    0.51    3.08 v _28_/X (sky130_fd_sc_hd__a31o_1)
     2    0.01                           _09_ (net)
                  0.11    0.00    3.08 v _32_/A (sky130_fd_sc_hd__xor2_1)
                  0.26    0.34    3.42 ^ _32_/X (sky130_fd_sc_hd__xor2_1)
     1    0.01                           net13 (net)
                  0.26    0.00    3.42 ^ output13/A (sky130_fd_sc_hd__clkbuf_4)
                  0.18    0.44    3.86 ^ output13/X (sky130_fd_sc_hd__clkbuf_4)
     1    0.03                           sum[2] (net)
                  0.18    0.00    3.86 ^ sum[2] (out)
                                  3.86   data arrival time

                  0.00   10.00   10.00   clock __VIRTUAL_CLK__ (rise edge)
                          0.00   10.00   clock network delay (ideal)
                         -0.25    9.75   clock uncertainty
                          0.00    9.75   clock reconvergence pessimism
                         -2.00    7.75   output external delay
                                  7.75   data required time
-----------------------------------------------------------------------------
                                  7.75   data required time
                                 -3.86   data arrival time
-----------------------------------------------------------------------------
                                  3.89   slack (MET)


Startpoint: b[1] (input port clocked by __VIRTUAL_CLK__)
Endpoint: sum[1] (output port clocked by __VIRTUAL_CLK__)
Path Group: __VIRTUAL_CLK__
Path Type: max
Corner: Slowest

Fanout     Cap    Slew   Delay    Time   Description
-----------------------------------------------------------------------------
                  0.00    0.00    0.00   clock __VIRTUAL_CLK__ (rise edge)
                          0.00    0.00   clock network delay (ideal)
                          2.00    2.00 v input external delay
                  0.02    0.01    2.01 v b[1] (in)
     1    0.00                           b[1] (net)
                  0.02    0.00    2.01 v input6/A (sky130_fd_sc_hd__buf_1)
                  0.14    0.23    2.24 v input6/X (sky130_fd_sc_hd__buf_1)
     3    0.01                           net6 (net)
                  0.14    0.00    2.24 v _23_/A (sky130_fd_sc_hd__or2_1)
                  0.12    0.59    2.83 v _23_/X (sky130_fd_sc_hd__or2_1)
     2    0.01                           _05_ (net)
                  0.12    0.00    2.83 v _24_/B2 (sky130_fd_sc_hd__a22o_1)
                  0.08    0.40    3.23 v _24_/X (sky130_fd_sc_hd__a22o_1)
     1    0.00                           _06_ (net)
                  0.08    0.00    3.23 v _26_/A (sky130_fd_sc_hd__nand2_1)
                  0.10    0.12    3.35 ^ _26_/Y (sky130_fd_sc_hd__nand2_1)
     1    0.00                           net12 (net)
                  0.10    0.00    3.35 ^ output12/A (sky130_fd_sc_hd__clkbuf_4)
                  0.19    0.37    3.71 ^ output12/X (sky130_fd_sc_hd__clkbuf_4)
     1    0.04                           sum[1] (net)
                  0.19    0.00    3.72 ^ sum[1] (out)
                                  3.72   data arrival time

                  0.00   10.00   10.00   clock __VIRTUAL_CLK__ (rise edge)
                          0.00   10.00   clock network delay (ideal)
                         -0.25    9.75   clock uncertainty
                          0.00    9.75   clock reconvergence pessimism
                         -2.00    7.75   output external delay
                                  7.75   data required time
-----------------------------------------------------------------------------
                                  7.75   data required time
                                 -3.72   data arrival time
-----------------------------------------------------------------------------
                                  4.03   slack (MET)


Startpoint: b[0] (input port clocked by __VIRTUAL_CLK__)
Endpoint: sum[0] (output port clocked by __VIRTUAL_CLK__)
Path Group: __VIRTUAL_CLK__
Path Type: max
Corner: Slowest

Fanout     Cap    Slew   Delay    Time   Description
-----------------------------------------------------------------------------
                  0.00    0.00    0.00   clock __VIRTUAL_CLK__ (rise edge)
                          0.00    0.00   clock network delay (ideal)
                          2.00    2.00 v input external delay
                  0.02    0.01    2.01 v b[0] (in)
     1    0.00                           b[0] (net)
                  0.02    0.00    2.01 v input5/A (sky130_fd_sc_hd__buf_1)
                  0.15    0.23    2.24 v input5/X (sky130_fd_sc_hd__buf_1)
     3    0.01                           net5 (net)
                  0.15    0.00    2.24 v _18_/A (sky130_fd_sc_hd__or2_1)
                  0.11    0.57    2.80 v _18_/X (sky130_fd_sc_hd__or2_1)
     1    0.00                           _01_ (net)
                  0.11    0.00    2.80 v _19_/B (sky130_fd_sc_hd__nand2_1)
                  0.10    0.15    2.95 ^ _19_/Y (sky130_fd_sc_hd__nand2_1)
     1    0.01                           _02_ (net)
                  0.10    0.00    2.95 ^ _20_/B (sky130_fd_sc_hd__xnor2_1)
                  0.23    0.23    3.18 ^ _20_/Y (sky130_fd_sc_hd__xnor2_1)
     1    0.00                           net11 (net)
                  0.23    0.00    3.18 ^ output11/A (sky130_fd_sc_hd__clkbuf_4)
                  0.18    0.42    3.60 ^ output11/X (sky130_fd_sc_hd__clkbuf_4)
     1    0.03                           sum[0] (net)
                  0.18    0.00    3.60 ^ sum[0] (out)
                                  3.60   data arrival time

                  0.00   10.00   10.00   clock __VIRTUAL_CLK__ (rise edge)
                          0.00   10.00   clock network delay (ideal)
                         -0.25    9.75   clock uncertainty
                          0.00    9.75   clock reconvergence pessimism
                         -2.00    7.75   output external delay
                                  7.75   data required time
-----------------------------------------------------------------------------
                                  7.75   data required time
                                 -3.60   data arrival time
-----------------------------------------------------------------------------
                                  4.15   slack (MET)



======================= Typical Corner ===================================

Startpoint: b[1] (input port clocked by __VIRTUAL_CLK__)
Endpoint: sum[3] (output port clocked by __VIRTUAL_CLK__)
Path Group: __VIRTUAL_CLK__
Path Type: max
Corner: Typical

Fanout     Cap    Slew   Delay    Time   Description
-----------------------------------------------------------------------------
                  0.00    0.00    0.00   clock __VIRTUAL_CLK__ (rise edge)
                          0.00    0.00   clock network delay (ideal)
                          2.00    2.00 ^ input external delay
                  0.02    0.01    2.01 ^ b[1] (in)
     1    0.00                           b[1] (net)
                  0.02    0.00    2.01 ^ input6/A (sky130_fd_sc_hd__buf_1)
                  0.15    0.16    2.17 ^ input6/X (sky130_fd_sc_hd__buf_1)
     3    0.01                           net6 (net)
                  0.15    0.00    2.17 ^ _22_/A (sky130_fd_sc_hd__nand2_1)
                  0.09    0.12    2.30 v _22_/Y (sky130_fd_sc_hd__nand2_1)
     3    0.01                           _04_ (net)
                  0.09    0.00    2.30 v _28_/A3 (sky130_fd_sc_hd__a31o_1)
                  0.06    0.27    2.57 v _28_/X (sky130_fd_sc_hd__a31o_1)
     2    0.01                           _09_ (net)
                  0.06    0.00    2.57 v _36_/A1 (sky130_fd_sc_hd__a21boi_1)
                  0.22    0.22    2.78 ^ _36_/Y (sky130_fd_sc_hd__a21boi_1)
     2    0.01                           _16_ (net)
                  0.22    0.00    2.78 ^ _37_/B (sky130_fd_sc_hd__xnor2_1)
                  0.12    0.15    2.94 ^ _37_/Y (sky130_fd_sc_hd__xnor2_1)
     1    0.00                           net14 (net)
                  0.12    0.00    2.94 ^ output14/A (sky130_fd_sc_hd__buf_2)
                  0.17    0.24    3.17 ^ output14/X (sky130_fd_sc_hd__buf_2)
     1    0.03                           sum[3] (net)
                  0.17    0.00    3.17 ^ sum[3] (out)
                                  3.17   data arrival time

                  0.00   10.00   10.00   clock __VIRTUAL_CLK__ (rise edge)
                          0.00   10.00   clock network delay (ideal)
                         -0.25    9.75   clock uncertainty
                          0.00    9.75   clock reconvergence pessimism
                         -2.00    7.75   output external delay
                                  7.75   data required time
-----------------------------------------------------------------------------
                                  7.75   data required time
                                 -3.17   data arrival time
-----------------------------------------------------------------------------
                                  4.58   slack (MET)


Startpoint: b[1] (input port clocked by __VIRTUAL_CLK__)
Endpoint: cout (output port clocked by __VIRTUAL_CLK__)
Path Group: __VIRTUAL_CLK__
Path Type: max
Corner: Typical

Fanout     Cap    Slew   Delay    Time   Description
-----------------------------------------------------------------------------
                  0.00    0.00    0.00   clock __VIRTUAL_CLK__ (rise edge)
                          0.00    0.00   clock network delay (ideal)
                          2.00    2.00 ^ input external delay
                  0.02    0.01    2.01 ^ b[1] (in)
     1    0.00                           b[1] (net)
                  0.02    0.00    2.01 ^ input6/A (sky130_fd_sc_hd__buf_1)
                  0.15    0.16    2.17 ^ input6/X (sky130_fd_sc_hd__buf_1)
     3    0.01                           net6 (net)
                  0.15    0.00    2.17 ^ _22_/A (sky130_fd_sc_hd__nand2_1)
                  0.09    0.12    2.30 v _22_/Y (sky130_fd_sc_hd__nand2_1)
     3    0.01                           _04_ (net)
                  0.09    0.00    2.30 v _28_/A3 (sky130_fd_sc_hd__a31o_1)
                  0.06    0.27    2.57 v _28_/X (sky130_fd_sc_hd__a31o_1)
     2    0.01                           _09_ (net)
                  0.06    0.00    2.57 v _36_/A1 (sky130_fd_sc_hd__a21boi_1)
                  0.22    0.22    2.78 ^ _36_/Y (sky130_fd_sc_hd__a21boi_1)
     2    0.01                           _16_ (net)
                  0.22    0.00    2.78 ^ _38_/A2 (sky130_fd_sc_hd__o21a_1)
                  0.05    0.15    2.94 ^ _38_/X (sky130_fd_sc_hd__o21a_1)
     1    0.00                           net10 (net)
                  0.05    0.00    2.94 ^ output10/A (sky130_fd_sc_hd__clkbuf_4)
                  0.11    0.20    3.13 ^ output10/X (sky130_fd_sc_hd__clkbuf_4)
     1    0.04                           cout (net)
                  0.11    0.00    3.14 ^ cout (out)
                                  3.14   data arrival time

                  0.00   10.00   10.00   clock __VIRTUAL_CLK__ (rise edge)
                          0.00   10.00   clock network delay (ideal)
                         -0.25    9.75   clock uncertainty
                          0.00    9.75   clock reconvergence pessimism
                         -2.00    7.75   output external delay
                                  7.75   data required time
-----------------------------------------------------------------------------
                                  7.75   data required time
                                 -3.14   data arrival time
-----------------------------------------------------------------------------
                                  4.61   slack (MET)


Startpoint: b[1] (input port clocked by __VIRTUAL_CLK__)
Endpoint: sum[2] (output port clocked by __VIRTUAL_CLK__)
Path Group: __VIRTUAL_CLK__
Path Type: max
Corner: Typical

Fanout     Cap    Slew   Delay    Time   Description
-----------------------------------------------------------------------------
                  0.00    0.00    0.00   clock __VIRTUAL_CLK__ (rise edge)
                          0.00    0.00   clock network delay (ideal)
                          2.00    2.00 ^ input external delay
                  0.02    0.01    2.01 ^ b[1] (in)
     1    0.00                           b[1] (net)
                  0.02    0.00    2.01 ^ input6/A (sky130_fd_sc_hd__buf_1)
                  0.15    0.16    2.17 ^ input6/X (sky130_fd_sc_hd__buf_1)
     3    0.01                           net6 (net)
                  0.15    0.00    2.17 ^ _22_/A (sky130_fd_sc_hd__nand2_1)
                  0.09    0.12    2.30 v _22_/Y (sky130_fd_sc_hd__nand2_1)
     3    0.01                           _04_ (net)
                  0.09    0.00    2.30 v _28_/A3 (sky130_fd_sc_hd__a31o_1)
                  0.06    0.27    2.57 v _28_/X (sky130_fd_sc_hd__a31o_1)
     2    0.01                           _09_ (net)
                  0.06    0.00    2.57 v _32_/A (sky130_fd_sc_hd__xor2_1)
                  0.16    0.20    2.76 ^ _32_/X (sky130_fd_sc_hd__xor2_1)
     1    0.01                           net13 (net)
                  0.16    0.00    2.76 ^ output13/A (sky130_fd_sc_hd__clkbuf_4)
                  0.11    0.24    3.00 ^ output13/X (sky130_fd_sc_hd__clkbuf_4)
     1    0.03                           sum[2] (net)
                  0.11    0.00    3.00 ^ sum[2] (out)
                                  3.00   data arrival time

                  0.00   10.00   10.00   clock __VIRTUAL_CLK__ (rise edge)
                          0.00   10.00   clock network delay (ideal)
                         -0.25    9.75   clock uncertainty
                          0.00    9.75   clock reconvergence pessimism
                         -2.00    7.75   output external delay
                                  7.75   data required time
-----------------------------------------------------------------------------
                                  7.75   data required time
                                 -3.00   data arrival time
-----------------------------------------------------------------------------
                                  4.75   slack (MET)


Startpoint: b[1] (input port clocked by __VIRTUAL_CLK__)
Endpoint: sum[1] (output port clocked by __VIRTUAL_CLK__)
Path Group: __VIRTUAL_CLK__
Path Type: max
Corner: Typical

Fanout     Cap    Slew   Delay    Time   Description
-----------------------------------------------------------------------------
                  0.00    0.00    0.00   clock __VIRTUAL_CLK__ (rise edge)
                          0.00    0.00   clock network delay (ideal)
                          2.00    2.00 v input external delay
                  0.01    0.01    2.01 v b[1] (in)
     1    0.00                           b[1] (net)
                  0.01    0.00    2.01 v input6/A (sky130_fd_sc_hd__buf_1)
                  0.08    0.12    2.12 v input6/X (sky130_fd_sc_hd__buf_1)
     3    0.01                           net6 (net)
                  0.08    0.00    2.13 v _23_/A (sky130_fd_sc_hd__or2_1)
                  0.06    0.26    2.39 v _23_/X (sky130_fd_sc_hd__or2_1)
     2    0.01                           _05_ (net)
                  0.06    0.00    2.39 v _24_/B2 (sky130_fd_sc_hd__a22o_1)
                  0.04    0.21    2.60 v _24_/X (sky130_fd_sc_hd__a22o_1)
     1    0.00                           _06_ (net)
                  0.04    0.00    2.60 v _26_/A (sky130_fd_sc_hd__nand2_1)
                  0.06    0.07    2.67 ^ _26_/Y (sky130_fd_sc_hd__nand2_1)
     1    0.00                           net12 (net)
                  0.06    0.00    2.67 ^ output12/A (sky130_fd_sc_hd__clkbuf_4)
                  0.12    0.20    2.87 ^ output12/X (sky130_fd_sc_hd__clkbuf_4)
     1    0.04                           sum[1] (net)
                  0.12    0.00    2.88 ^ sum[1] (out)
                                  2.88   data arrival time

                  0.00   10.00   10.00   clock __VIRTUAL_CLK__ (rise edge)
                          0.00   10.00   clock network delay (ideal)
                         -0.25    9.75   clock uncertainty
                          0.00    9.75   clock reconvergence pessimism
                         -2.00    7.75   output external delay
                                  7.75   data required time
-----------------------------------------------------------------------------
                                  7.75   data required time
                                 -2.88   data arrival time
-----------------------------------------------------------------------------
                                  4.87   slack (MET)


Startpoint: b[0] (input port clocked by __VIRTUAL_CLK__)
Endpoint: sum[0] (output port clocked by __VIRTUAL_CLK__)
Path Group: __VIRTUAL_CLK__
Path Type: max
Corner: Typical

Fanout     Cap    Slew   Delay    Time   Description
-----------------------------------------------------------------------------
                  0.00    0.00    0.00   clock __VIRTUAL_CLK__ (rise edge)
                          0.00    0.00   clock network delay (ideal)
                          2.00    2.00 v input external delay
                  0.01    0.00    2.00 v b[0] (in)
     1    0.00                           b[0] (net)
                  0.01    0.00    2.00 v input5/A (sky130_fd_sc_hd__buf_1)
                  0.08    0.12    2.12 v input5/X (sky130_fd_sc_hd__buf_1)
     3    0.01                           net5 (net)
                  0.08    0.00    2.12 v _18_/A (sky130_fd_sc_hd__or2_1)
                  0.05    0.25    2.37 v _18_/X (sky130_fd_sc_hd__or2_1)
     1    0.00                           _01_ (net)
                  0.05    0.00    2.37 v _19_/B (sky130_fd_sc_hd__nand2_1)
                  0.06    0.08    2.46 ^ _19_/Y (sky130_fd_sc_hd__nand2_1)
     1    0.01                           _02_ (net)
                  0.06    0.00    2.46 ^ _20_/B (sky130_fd_sc_hd__xnor2_1)
                  0.14    0.12    2.58 ^ _20_/Y (sky130_fd_sc_hd__xnor2_1)
     1    0.00                           net11 (net)
                  0.14    0.00    2.58 ^ output11/A (sky130_fd_sc_hd__clkbuf_4)
                  0.11    0.23    2.81 ^ output11/X (sky130_fd_sc_hd__clkbuf_4)
     1    0.03                           sum[0] (net)
                  0.11    0.00    2.82 ^ sum[0] (out)
                                  2.82   data arrival time

                  0.00   10.00   10.00   clock __VIRTUAL_CLK__ (rise edge)
                          0.00   10.00   clock network delay (ideal)
                         -0.25    9.75   clock uncertainty
                          0.00    9.75   clock reconvergence pessimism
                         -2.00    7.75   output external delay
                                  7.75   data required time
-----------------------------------------------------------------------------
                                  7.75   data required time
                                 -2.82   data arrival time
-----------------------------------------------------------------------------
                                  4.93   slack (MET)



