
===========================================================================
report_checks -path_delay min (Hold)
============================================================================
======================= Fastest Corner ===================================

Startpoint: a[0] (input port clocked by __VIRTUAL_CLK__)
Endpoint: sum[0] (output port clocked by __VIRTUAL_CLK__)
Path Group: __VIRTUAL_CLK__
Path Type: min
Corner: Fastest

Fanout     Cap    Slew   Delay    Time   Description
-----------------------------------------------------------------------------
                  0.00    0.00    0.00   clock __VIRTUAL_CLK__ (rise edge)
                          0.00    0.00   clock network delay (ideal)
                          2.00    2.00 v input external delay
                  0.00    0.00    2.00 v a[0] (in)
     1    0.00                           a[0] (net)
                  0.00    0.00    2.00 v input1/A (sky130_fd_sc_hd__buf_1)
                  0.05    0.07    2.07 v input1/X (sky130_fd_sc_hd__buf_1)
     2    0.01                           net1 (net)
                  0.05    0.00    2.07 v _20_/A (sky130_fd_sc_hd__xnor2_1)
                  0.02    0.08    2.16 v _20_/Y (sky130_fd_sc_hd__xnor2_1)
     1    0.00                           net11 (net)
                  0.02    0.00    2.16 v output11/A (sky130_fd_sc_hd__clkbuf_4)
                  0.06    0.11    2.27 v output11/X (sky130_fd_sc_hd__clkbuf_4)
     1    0.03                           sum[0] (net)
                  0.06    0.00    2.27 v sum[0] (out)
                                  2.27   data arrival time

                  0.00    0.00    0.00   clock __VIRTUAL_CLK__ (rise edge)
                          0.00    0.00   clock network delay (ideal)
                          0.25    0.25   clock uncertainty
                          0.00    0.25   clock reconvergence pessimism
                         -2.00   -1.75   output external delay
                                 -1.75   data required time
-----------------------------------------------------------------------------
                                 -1.75   data required time
                                 -2.27   data arrival time
-----------------------------------------------------------------------------
                                  4.02   slack (MET)


Startpoint: b[2] (input port clocked by __VIRTUAL_CLK__)
Endpoint: sum[2] (output port clocked by __VIRTUAL_CLK__)
Path Group: __VIRTUAL_CLK__
Path Type: min
Corner: Fastest

Fanout     Cap    Slew   Delay    Time   Description
-----------------------------------------------------------------------------
                  0.00    0.00    0.00   clock __VIRTUAL_CLK__ (rise edge)
                          0.00    0.00   clock network delay (ideal)
                          2.00    2.00 ^ input external delay
                  0.02    0.01    2.01 ^ b[2] (in)
     1    0.00                           b[2] (net)
                  0.02    0.00    2.01 ^ input7/A (sky130_fd_sc_hd__clkbuf_1)
                  0.05    0.06    2.07 ^ input7/X (sky130_fd_sc_hd__clkbuf_1)
     2    0.01                           net7 (net)
                  0.05    0.00    2.07 ^ _29_/A (sky130_fd_sc_hd__nand2_1)
                  0.03    0.04    2.10 v _29_/Y (sky130_fd_sc_hd__nand2_1)
     2    0.01                           _10_ (net)
                  0.03    0.00    2.10 v _31_/A (sky130_fd_sc_hd__nand2_1)
                  0.04    0.05    2.15 ^ _31_/Y (sky130_fd_sc_hd__nand2_1)
     1    0.01                           _12_ (net)
                  0.04    0.00    2.15 ^ _32_/B (sky130_fd_sc_hd__xor2_1)
                  0.03    0.04    2.19 v _32_/X (sky130_fd_sc_hd__xor2_1)
     1    0.00                           net13 (net)
                  0.03    0.00    2.19 v output13/A (sky130_fd_sc_hd__clkbuf_4)
                  0.06    0.12    2.31 v output13/X (sky130_fd_sc_hd__clkbuf_4)
     1    0.03                           sum[2] (net)
                  0.06    0.00    2.31 v sum[2] (out)
                                  2.31   data arrival time

                  0.00    0.00    0.00   clock __VIRTUAL_CLK__ (rise edge)
                          0.00    0.00   clock network delay (ideal)
                          0.25    0.25   clock uncertainty
                          0.00    0.25   clock reconvergence pessimism
                         -2.00   -1.75   output external delay
                                 -1.75   data required time
-----------------------------------------------------------------------------
                                 -1.75   data required time
                                 -2.31   data arrival time
-----------------------------------------------------------------------------
                                  4.06   slack (MET)


Startpoint: b[3] (input port clocked by __VIRTUAL_CLK__)
Endpoint: cout (output port clocked by __VIRTUAL_CLK__)
Path Group: __VIRTUAL_CLK__
Path Type: min
Corner: Fastest

Fanout     Cap    Slew   Delay    Time   Description
-----------------------------------------------------------------------------
                  0.00    0.00    0.00   clock __VIRTUAL_CLK__ (rise edge)
                          0.00    0.00   clock network delay (ideal)
                          2.00    2.00 ^ input external delay
                  0.02    0.01    2.01 ^ b[3] (in)
     1    0.00                           b[3] (net)
                  0.02    0.00    2.01 ^ input8/A (sky130_fd_sc_hd__clkbuf_1)
                  0.05    0.06    2.06 ^ input8/X (sky130_fd_sc_hd__clkbuf_1)
     2    0.00                           net8 (net)
                  0.05    0.00    2.06 ^ _34_/A (sky130_fd_sc_hd__or2_1)
                  0.04    0.07    2.13 ^ _34_/X (sky130_fd_sc_hd__or2_1)
     2    0.00                           _14_ (net)
                  0.04    0.00    2.13 ^ _38_/B1 (sky130_fd_sc_hd__o21a_1)
                  0.03    0.06    2.19 ^ _38_/X (sky130_fd_sc_hd__o21a_1)
     1    0.00                           net10 (net)
                  0.03    0.00    2.19 ^ output10/A (sky130_fd_sc_hd__clkbuf_4)
                  0.09    0.12    2.31 ^ output10/X (sky130_fd_sc_hd__clkbuf_4)
     1    0.03                           cout (net)
                  0.09    0.00    2.31 ^ cout (out)
                                  2.31   data arrival time

                  0.00    0.00    0.00   clock __VIRTUAL_CLK__ (rise edge)
                          0.00    0.00   clock network delay (ideal)
                          0.25    0.25   clock uncertainty
                          0.00    0.25   clock reconvergence pessimism
                         -2.00   -1.75   output external delay
                                 -1.75   data required time
-----------------------------------------------------------------------------
                                 -1.75   data required time
                                 -2.31   data arrival time
-----------------------------------------------------------------------------
                                  4.06   slack (MET)


Startpoint: b[2] (input port clocked by __VIRTUAL_CLK__)
Endpoint: sum[3] (output port clocked by __VIRTUAL_CLK__)
Path Group: __VIRTUAL_CLK__
Path Type: min
Corner: Fastest

Fanout     Cap    Slew   Delay    Time   Description
-----------------------------------------------------------------------------
                  0.00    0.00    0.00   clock __VIRTUAL_CLK__ (rise edge)
                          0.00    0.00   clock network delay (ideal)
                          2.00    2.00 v input external delay
                  0.00    0.00    2.00 v b[2] (in)
     1    0.00                           b[2] (net)
                  0.00    0.00    2.00 v input7/A (sky130_fd_sc_hd__clkbuf_1)
                  0.03    0.05    2.05 v input7/X (sky130_fd_sc_hd__clkbuf_1)
     2    0.01                           net7 (net)
                  0.03    0.00    2.05 v _29_/A (sky130_fd_sc_hd__nand2_1)
                  0.05    0.05    2.10 ^ _29_/Y (sky130_fd_sc_hd__nand2_1)
     2    0.01                           _10_ (net)
                  0.05    0.00    2.10 ^ _36_/A2 (sky130_fd_sc_hd__a21boi_1)
                  0.04    0.05    2.15 v _36_/Y (sky130_fd_sc_hd__a21boi_1)
     2    0.01                           _16_ (net)
                  0.04    0.00    2.15 v _37_/B (sky130_fd_sc_hd__xnor2_1)
                  0.02    0.07    2.23 v _37_/Y (sky130_fd_sc_hd__xnor2_1)
     1    0.00                           net14 (net)
                  0.02    0.00    2.23 v output14/A (sky130_fd_sc_hd__buf_2)
                  0.06    0.11    2.34 v output14/X (sky130_fd_sc_hd__buf_2)
     1    0.03                           sum[3] (net)
                  0.06    0.00    2.34 v sum[3] (out)
                                  2.34   data arrival time

                  0.00    0.00    0.00   clock __VIRTUAL_CLK__ (rise edge)
                          0.00    0.00   clock network delay (ideal)
                          0.25    0.25   clock uncertainty
                          0.00    0.25   clock reconvergence pessimism
                         -2.00   -1.75   output external delay
                                 -1.75   data required time
-----------------------------------------------------------------------------
                                 -1.75   data required time
                                 -2.34   data arrival time
-----------------------------------------------------------------------------
                                  4.09   slack (MET)


Startpoint: a[0] (input port clocked by __VIRTUAL_CLK__)
Endpoint: sum[1] (output port clocked by __VIRTUAL_CLK__)
Path Group: __VIRTUAL_CLK__
Path Type: min
Corner: Fastest

Fanout     Cap    Slew   Delay    Time   Description
-----------------------------------------------------------------------------
                  0.00    0.00    0.00   clock __VIRTUAL_CLK__ (rise edge)
                          0.00    0.00   clock network delay (ideal)
                          2.00    2.00 v input external delay
                  0.00    0.00    2.00 v a[0] (in)
     1    0.00                           a[0] (net)
                  0.00    0.00    2.00 v input1/A (sky130_fd_sc_hd__buf_1)
                  0.05    0.07    2.07 v input1/X (sky130_fd_sc_hd__buf_1)
     2    0.01                           net1 (net)
                  0.05    0.00    2.07 v _21_/B1 (sky130_fd_sc_hd__o21ai_2)
                  0.05    0.06    2.13 ^ _21_/Y (sky130_fd_sc_hd__o21ai_2)
     3    0.01                           _03_ (net)
                  0.05    0.00    2.13 ^ _25_/B (sky130_fd_sc_hd__nand4_1)
                  0.03    0.04    2.17 v _25_/Y (sky130_fd_sc_hd__nand4_1)
     1    0.00                           _07_ (net)
                  0.03    0.00    2.17 v _26_/B (sky130_fd_sc_hd__nand2_1)
                  0.04    0.05    2.22 ^ _26_/Y (sky130_fd_sc_hd__nand2_1)
     1    0.00                           net12 (net)
                  0.04    0.00    2.22 ^ output12/A (sky130_fd_sc_hd__clkbuf_4)
                  0.09    0.12    2.34 ^ output12/X (sky130_fd_sc_hd__clkbuf_4)
     1    0.04                           sum[1] (net)
                  0.09    0.00    2.34 ^ sum[1] (out)
                                  2.34   data arrival time

                  0.00    0.00    0.00   clock __VIRTUAL_CLK__ (rise edge)
                          0.00    0.00   clock network delay (ideal)
                          0.25    0.25   clock uncertainty
                          0.00    0.25   clock reconvergence pessimism
                         -2.00   -1.75   output external delay
                                 -1.75   data required time
-----------------------------------------------------------------------------
                                 -1.75   data required time
                                 -2.34   data arrival time
-----------------------------------------------------------------------------
                                  4.09   slack (MET)



======================= Slowest Corner ===================================

Startpoint: a[0] (input port clocked by __VIRTUAL_CLK__)
Endpoint: sum[0] (output port clocked by __VIRTUAL_CLK__)
Path Group: __VIRTUAL_CLK__
Path Type: min
Corner: Slowest

Fanout     Cap    Slew   Delay    Time   Description
-----------------------------------------------------------------------------
                  0.00    0.00    0.00   clock __VIRTUAL_CLK__ (rise edge)
                          0.00    0.00   clock network delay (ideal)
                          2.00    2.00 v input external delay
                  0.02    0.01    2.01 v a[0] (in)
     1    0.00                           a[0] (net)
                  0.02    0.00    2.01 v input1/A (sky130_fd_sc_hd__buf_1)
                  0.14    0.20    2.21 v input1/X (sky130_fd_sc_hd__buf_1)
     2    0.01                           net1 (net)
                  0.14    0.00    2.21 v _20_/A (sky130_fd_sc_hd__xnor2_1)
                  0.08    0.24    2.45 v _20_/Y (sky130_fd_sc_hd__xnor2_1)
     1    0.00                           net11 (net)
                  0.08    0.00    2.45 v output11/A (sky130_fd_sc_hd__clkbuf_4)
                  0.14    0.32    2.77 v output11/X (sky130_fd_sc_hd__clkbuf_4)
     1    0.03                           sum[0] (net)
                  0.14    0.00    2.77 v sum[0] (out)
                                  2.77   data arrival time

                  0.00    0.00    0.00   clock __VIRTUAL_CLK__ (rise edge)
                          0.00    0.00   clock network delay (ideal)
                          0.25    0.25   clock uncertainty
                          0.00    0.25   clock reconvergence pessimism
                         -2.00   -1.75   output external delay
                                 -1.75   data required time
-----------------------------------------------------------------------------
                                 -1.75   data required time
                                 -2.77   data arrival time
-----------------------------------------------------------------------------
                                  4.52   slack (MET)


Startpoint: b[3] (input port clocked by __VIRTUAL_CLK__)
Endpoint: cout (output port clocked by __VIRTUAL_CLK__)
Path Group: __VIRTUAL_CLK__
Path Type: min
Corner: Slowest

Fanout     Cap    Slew   Delay    Time   Description
-----------------------------------------------------------------------------
                  0.00    0.00    0.00   clock __VIRTUAL_CLK__ (rise edge)
                          0.00    0.00   clock network delay (ideal)
                          2.00    2.00 ^ input external delay
                  0.04    0.02    2.02 ^ b[3] (in)
     1    0.00                           b[3] (net)
                  0.04    0.00    2.02 ^ input8/A (sky130_fd_sc_hd__clkbuf_1)
                  0.09    0.14    2.16 ^ input8/X (sky130_fd_sc_hd__clkbuf_1)
     2    0.00                           net8 (net)
                  0.09    0.00    2.16 ^ _34_/A (sky130_fd_sc_hd__or2_1)
                  0.09    0.18    2.35 ^ _34_/X (sky130_fd_sc_hd__or2_1)
     2    0.00                           _14_ (net)
                  0.09    0.00    2.35 ^ _38_/B1 (sky130_fd_sc_hd__o21a_1)
                  0.09    0.22    2.57 ^ _38_/X (sky130_fd_sc_hd__o21a_1)
     1    0.00                           net10 (net)
                  0.09    0.00    2.57 ^ output10/A (sky130_fd_sc_hd__clkbuf_4)
                  0.18    0.32    2.89 ^ output10/X (sky130_fd_sc_hd__clkbuf_4)
     1    0.03                           cout (net)
                  0.18    0.00    2.89 ^ cout (out)
                                  2.89   data arrival time

                  0.00    0.00    0.00   clock __VIRTUAL_CLK__ (rise edge)
                          0.00    0.00   clock network delay (ideal)
                          0.25    0.25   clock uncertainty
                          0.00    0.25   clock reconvergence pessimism
                         -2.00   -1.75   output external delay
                                 -1.75   data required time
-----------------------------------------------------------------------------
                                 -1.75   data required time
                                 -2.89   data arrival time
-----------------------------------------------------------------------------
                                  4.64   slack (MET)


Startpoint: b[2] (input port clocked by __VIRTUAL_CLK__)
Endpoint: sum[2] (output port clocked by __VIRTUAL_CLK__)
Path Group: __VIRTUAL_CLK__
Path Type: min
Corner: Slowest

Fanout     Cap    Slew   Delay    Time   Description
-----------------------------------------------------------------------------
                  0.00    0.00    0.00   clock __VIRTUAL_CLK__ (rise edge)
                          0.00    0.00   clock network delay (ideal)
                          2.00    2.00 ^ input external delay
                  0.03    0.02    2.02 ^ b[2] (in)
     1    0.00                           b[2] (net)
                  0.03    0.00    2.02 ^ input7/A (sky130_fd_sc_hd__clkbuf_1)
                  0.11    0.16    2.17 ^ input7/X (sky130_fd_sc_hd__clkbuf_1)
     2    0.01                           net7 (net)
                  0.11    0.00    2.17 ^ _29_/A (sky130_fd_sc_hd__nand2_1)
                  0.11    0.14    2.31 v _29_/Y (sky130_fd_sc_hd__nand2_1)
     2    0.01                           _10_ (net)
                  0.11    0.00    2.31 v _31_/A (sky130_fd_sc_hd__nand2_1)
                  0.10    0.13    2.44 ^ _31_/Y (sky130_fd_sc_hd__nand2_1)
     1    0.01                           _12_ (net)
                  0.10    0.00    2.44 ^ _32_/B (sky130_fd_sc_hd__xor2_1)
                  0.08    0.15    2.59 v _32_/X (sky130_fd_sc_hd__xor2_1)
     1    0.00                           net13 (net)
                  0.08    0.00    2.59 v output13/A (sky130_fd_sc_hd__clkbuf_4)
                  0.14    0.32    2.90 v output13/X (sky130_fd_sc_hd__clkbuf_4)
     1    0.03                           sum[2] (net)
                  0.14    0.00    2.90 v sum[2] (out)
                                  2.90   data arrival time

                  0.00    0.00    0.00   clock __VIRTUAL_CLK__ (rise edge)
                          0.00    0.00   clock network delay (ideal)
                          0.25    0.25   clock uncertainty
                          0.00    0.25   clock reconvergence pessimism
                         -2.00   -1.75   output external delay
                                 -1.75   data required time
-----------------------------------------------------------------------------
                                 -1.75   data required time
                                 -2.90   data arrival time
-----------------------------------------------------------------------------
                                  4.65   slack (MET)


Startpoint: b[2] (input port clocked by __VIRTUAL_CLK__)
Endpoint: sum[3] (output port clocked by __VIRTUAL_CLK__)
Path Group: __VIRTUAL_CLK__
Path Type: min
Corner: Slowest

Fanout     Cap    Slew   Delay    Time   Description
-----------------------------------------------------------------------------
                  0.00    0.00    0.00   clock __VIRTUAL_CLK__ (rise edge)
                          0.00    0.00   clock network delay (ideal)
                          2.00    2.00 v input external delay
                  0.02    0.01    2.01 v b[2] (in)
     1    0.00                           b[2] (net)
                  0.02    0.00    2.01 v input7/A (sky130_fd_sc_hd__clkbuf_1)
                  0.07    0.15    2.16 v input7/X (sky130_fd_sc_hd__clkbuf_1)
     2    0.00                           net7 (net)
                  0.07    0.00    2.16 v _29_/A (sky130_fd_sc_hd__nand2_1)
                  0.10    0.12    2.27 ^ _29_/Y (sky130_fd_sc_hd__nand2_1)
     2    0.01                           _10_ (net)
                  0.10    0.00    2.27 ^ _36_/A2 (sky130_fd_sc_hd__a21boi_1)
                  0.11    0.19    2.46 v _36_/Y (sky130_fd_sc_hd__a21boi_1)
     2    0.01                           _16_ (net)
                  0.11    0.00    2.46 v _37_/B (sky130_fd_sc_hd__xnor2_1)
                  0.07    0.21    2.67 v _37_/Y (sky130_fd_sc_hd__xnor2_1)
     1    0.00                           net14 (net)
                  0.07    0.00    2.67 v output14/A (sky130_fd_sc_hd__buf_2)
                  0.17    0.33    3.00 v output14/X (sky130_fd_sc_hd__buf_2)
     1    0.03                           sum[3] (net)
                  0.17    0.00    3.00 v sum[3] (out)
                                  3.00   data arrival time

                  0.00    0.00    0.00   clock __VIRTUAL_CLK__ (rise edge)
                          0.00    0.00   clock network delay (ideal)
                          0.25    0.25   clock uncertainty
                          0.00    0.25   clock reconvergence pessimism
                         -2.00   -1.75   output external delay
                                 -1.75   data required time
-----------------------------------------------------------------------------
                                 -1.75   data required time
                                 -3.00   data arrival time
-----------------------------------------------------------------------------
                                  4.75   slack (MET)


Startpoint: cin (input port clocked by __VIRTUAL_CLK__)
Endpoint: sum[1] (output port clocked by __VIRTUAL_CLK__)
Path Group: __VIRTUAL_CLK__
Path Type: min
Corner: Slowest

Fanout     Cap    Slew   Delay    Time   Description
-----------------------------------------------------------------------------
                  0.00    0.00    0.00   clock __VIRTUAL_CLK__ (rise edge)
                          0.00    0.00   clock network delay (ideal)
                          2.00    2.00 ^ input external delay
                  0.03    0.02    2.02 ^ cin (in)
     1    0.00                           cin (net)
                  0.03    0.00    2.02 ^ input9/A (sky130_fd_sc_hd__buf_1)
                  0.23    0.23    2.25 ^ input9/X (sky130_fd_sc_hd__buf_1)
     3    0.01                           net9 (net)
                  0.23    0.00    2.25 ^ _21_/A2 (sky130_fd_sc_hd__o21ai_2)
                  0.10    0.18    2.43 v _21_/Y (sky130_fd_sc_hd__o21ai_2)
     3    0.01                           _03_ (net)
                  0.10    0.00    2.43 v _25_/B (sky130_fd_sc_hd__nand4_1)
                  0.10    0.13    2.56 ^ _25_/Y (sky130_fd_sc_hd__nand4_1)
     1    0.00                           _07_ (net)
                  0.10    0.00    2.56 ^ _26_/B (sky130_fd_sc_hd__nand2_1)
                  0.09    0.13    2.69 v _26_/Y (sky130_fd_sc_hd__nand2_1)
     1    0.00                           net12 (net)
                  0.09    0.00    2.69 v output12/A (sky130_fd_sc_hd__clkbuf_4)
                  0.14    0.32    3.01 v output12/X (sky130_fd_sc_hd__clkbuf_4)
     1    0.04                           sum[1] (net)
                  0.14    0.00    3.01 v sum[1] (out)
                                  3.01   data arrival time

                  0.00    0.00    0.00   clock __VIRTUAL_CLK__ (rise edge)
                          0.00    0.00   clock network delay (ideal)
                          0.25    0.25   clock uncertainty
                          0.00    0.25   clock reconvergence pessimism
                         -2.00   -1.75   output external delay
                                 -1.75   data required time
-----------------------------------------------------------------------------
                                 -1.75   data required time
                                 -3.01   data arrival time
-----------------------------------------------------------------------------
                                  4.76   slack (MET)



======================= Typical Corner ===================================

Startpoint: a[0] (input port clocked by __VIRTUAL_CLK__)
Endpoint: sum[0] (output port clocked by __VIRTUAL_CLK__)
Path Group: __VIRTUAL_CLK__
Path Type: min
Corner: Typical

Fanout     Cap    Slew   Delay    Time   Description
-----------------------------------------------------------------------------
                  0.00    0.00    0.00   clock __VIRTUAL_CLK__ (rise edge)
                          0.00    0.00   clock network delay (ideal)
                          2.00    2.00 ^ input external delay
                  0.02    0.01    2.01 ^ a[0] (in)
     1    0.00                           a[0] (net)
                  0.02    0.00    2.01 ^ input1/A (sky130_fd_sc_hd__buf_1)
                  0.15    0.14    2.15 ^ input1/X (sky130_fd_sc_hd__buf_1)
     2    0.01                           net1 (net)
                  0.15    0.00    2.15 ^ _20_/A (sky130_fd_sc_hd__xnor2_1)
                  0.04    0.09    2.24 v _20_/Y (sky130_fd_sc_hd__xnor2_1)
     1    0.00                           net11 (net)
                  0.04    0.00    2.24 v output11/A (sky130_fd_sc_hd__clkbuf_4)
                  0.08    0.17    2.41 v output11/X (sky130_fd_sc_hd__clkbuf_4)
     1    0.03                           sum[0] (net)
                  0.08    0.00    2.41 v sum[0] (out)
                                  2.41   data arrival time

                  0.00    0.00    0.00   clock __VIRTUAL_CLK__ (rise edge)
                          0.00    0.00   clock network delay (ideal)
                          0.25    0.25   clock uncertainty
                          0.00    0.25   clock reconvergence pessimism
                         -2.00   -1.75   output external delay
                                 -1.75   data required time
-----------------------------------------------------------------------------
                                 -1.75   data required time
                                 -2.41   data arrival time
-----------------------------------------------------------------------------
                                  4.16   slack (MET)


Startpoint: b[2] (input port clocked by __VIRTUAL_CLK__)
Endpoint: sum[2] (output port clocked by __VIRTUAL_CLK__)
Path Group: __VIRTUAL_CLK__
Path Type: min
Corner: Typical

Fanout     Cap    Slew   Delay    Time   Description
-----------------------------------------------------------------------------
                  0.00    0.00    0.00   clock __VIRTUAL_CLK__ (rise edge)
                          0.00    0.00   clock network delay (ideal)
                          2.00    2.00 ^ input external delay
                  0.02    0.01    2.01 ^ b[2] (in)
     1    0.00                           b[2] (net)
                  0.02    0.00    2.01 ^ input7/A (sky130_fd_sc_hd__clkbuf_1)
                  0.07    0.09    2.10 ^ input7/X (sky130_fd_sc_hd__clkbuf_1)
     2    0.01                           net7 (net)
                  0.07    0.00    2.10 ^ _29_/A (sky130_fd_sc_hd__nand2_1)
                  0.05    0.06    2.16 v _29_/Y (sky130_fd_sc_hd__nand2_1)
     2    0.01                           _10_ (net)
                  0.05    0.00    2.16 v _31_/A (sky130_fd_sc_hd__nand2_1)
                  0.06    0.07    2.23 ^ _31_/Y (sky130_fd_sc_hd__nand2_1)
     1    0.01                           _12_ (net)
                  0.06    0.00    2.23 ^ _32_/B (sky130_fd_sc_hd__xor2_1)
                  0.04    0.07    2.30 v _32_/X (sky130_fd_sc_hd__xor2_1)
     1    0.00                           net13 (net)
                  0.04    0.00    2.30 v output13/A (sky130_fd_sc_hd__clkbuf_4)
                  0.08    0.17    2.47 v output13/X (sky130_fd_sc_hd__clkbuf_4)
     1    0.03                           sum[2] (net)
                  0.08    0.00    2.47 v sum[2] (out)
                                  2.47   data arrival time

                  0.00    0.00    0.00   clock __VIRTUAL_CLK__ (rise edge)
                          0.00    0.00   clock network delay (ideal)
                          0.25    0.25   clock uncertainty
                          0.00    0.25   clock reconvergence pessimism
                         -2.00   -1.75   output external delay
                                 -1.75   data required time
-----------------------------------------------------------------------------
                                 -1.75   data required time
                                 -2.47   data arrival time
-----------------------------------------------------------------------------
                                  4.22   slack (MET)


Startpoint: b[3] (input port clocked by __VIRTUAL_CLK__)
Endpoint: cout (output port clocked by __VIRTUAL_CLK__)
Path Group: __VIRTUAL_CLK__
Path Type: min
Corner: Typical

Fanout     Cap    Slew   Delay    Time   Description
-----------------------------------------------------------------------------
                  0.00    0.00    0.00   clock __VIRTUAL_CLK__ (rise edge)
                          0.00    0.00   clock network delay (ideal)
                          2.00    2.00 ^ input external delay
                  0.02    0.01    2.01 ^ b[3] (in)
     1    0.00                           b[3] (net)
                  0.02    0.00    2.01 ^ input8/A (sky130_fd_sc_hd__clkbuf_1)
                  0.06    0.08    2.09 ^ input8/X (sky130_fd_sc_hd__clkbuf_1)
     2    0.00                           net8 (net)
                  0.06    0.00    2.09 ^ _34_/A (sky130_fd_sc_hd__or2_1)
                  0.06    0.10    2.19 ^ _34_/X (sky130_fd_sc_hd__or2_1)
     2    0.00                           _14_ (net)
                  0.06    0.00    2.19 ^ _38_/B1 (sky130_fd_sc_hd__o21a_1)
                  0.05    0.11    2.31 ^ _38_/X (sky130_fd_sc_hd__o21a_1)
     1    0.00                           net10 (net)
                  0.05    0.00    2.31 ^ output10/A (sky130_fd_sc_hd__clkbuf_4)
                  0.11    0.18    2.48 ^ output10/X (sky130_fd_sc_hd__clkbuf_4)
     1    0.03                           cout (net)
                  0.11    0.00    2.49 ^ cout (out)
                                  2.49   data arrival time

                  0.00    0.00    0.00   clock __VIRTUAL_CLK__ (rise edge)
                          0.00    0.00   clock network delay (ideal)
                          0.25    0.25   clock uncertainty
                          0.00    0.25   clock reconvergence pessimism
                         -2.00   -1.75   output external delay
                                 -1.75   data required time
-----------------------------------------------------------------------------
                                 -1.75   data required time
                                 -2.49   data arrival time
-----------------------------------------------------------------------------
                                  4.24   slack (MET)


Startpoint: b[2] (input port clocked by __VIRTUAL_CLK__)
Endpoint: sum[3] (output port clocked by __VIRTUAL_CLK__)
Path Group: __VIRTUAL_CLK__
Path Type: min
Corner: Typical

Fanout     Cap    Slew   Delay    Time   Description
-----------------------------------------------------------------------------
                  0.00    0.00    0.00   clock __VIRTUAL_CLK__ (rise edge)
                          0.00    0.00   clock network delay (ideal)
                          2.00    2.00 v input external delay
                  0.01    0.00    2.00 v b[2] (in)
     1    0.00                           b[2] (net)
                  0.01    0.00    2.00 v input7/A (sky130_fd_sc_hd__clkbuf_1)
                  0.04    0.08    2.08 v input7/X (sky130_fd_sc_hd__clkbuf_1)
     2    0.00                           net7 (net)
                  0.04    0.00    2.08 v _29_/A (sky130_fd_sc_hd__nand2_1)
                  0.06    0.07    2.15 ^ _29_/Y (sky130_fd_sc_hd__nand2_1)
     2    0.01                           _10_ (net)
                  0.06    0.00    2.15 ^ _36_/A2 (sky130_fd_sc_hd__a21boi_1)
                  0.06    0.09    2.23 v _36_/Y (sky130_fd_sc_hd__a21boi_1)
     2    0.01                           _16_ (net)
                  0.06    0.00    2.24 v _37_/B (sky130_fd_sc_hd__xnor2_1)
                  0.04    0.12    2.35 v _37_/Y (sky130_fd_sc_hd__xnor2_1)
     1    0.00                           net14 (net)
                  0.04    0.00    2.35 v output14/A (sky130_fd_sc_hd__buf_2)
                  0.09    0.17    2.52 v output14/X (sky130_fd_sc_hd__buf_2)
     1    0.03                           sum[3] (net)
                  0.09    0.00    2.52 v sum[3] (out)
                                  2.52   data arrival time

                  0.00    0.00    0.00   clock __VIRTUAL_CLK__ (rise edge)
                          0.00    0.00   clock network delay (ideal)
                          0.25    0.25   clock uncertainty
                          0.00    0.25   clock reconvergence pessimism
                         -2.00   -1.75   output external delay
                                 -1.75   data required time
-----------------------------------------------------------------------------
                                 -1.75   data required time
                                 -2.52   data arrival time
-----------------------------------------------------------------------------
                                  4.27   slack (MET)


Startpoint: a[0] (input port clocked by __VIRTUAL_CLK__)
Endpoint: sum[1] (output port clocked by __VIRTUAL_CLK__)
Path Group: __VIRTUAL_CLK__
Path Type: min
Corner: Typical

Fanout     Cap    Slew   Delay    Time   Description
-----------------------------------------------------------------------------
                  0.00    0.00    0.00   clock __VIRTUAL_CLK__ (rise edge)
                          0.00    0.00   clock network delay (ideal)
                          2.00    2.00 v input external delay
                  0.01    0.00    2.00 v a[0] (in)
     1    0.00                           a[0] (net)
                  0.01    0.00    2.00 v input1/A (sky130_fd_sc_hd__buf_1)
                  0.07    0.11    2.11 v input1/X (sky130_fd_sc_hd__buf_1)
     2    0.01                           net1 (net)
                  0.07    0.00    2.11 v _21_/B1 (sky130_fd_sc_hd__o21ai_2)
                  0.08    0.08    2.19 ^ _21_/Y (sky130_fd_sc_hd__o21ai_2)
     3    0.01                           _03_ (net)
                  0.08    0.00    2.19 ^ _25_/B (sky130_fd_sc_hd__nand4_1)
                  0.06    0.08    2.27 v _25_/Y (sky130_fd_sc_hd__nand4_1)
     1    0.00                           _07_ (net)
                  0.06    0.00    2.27 v _26_/B (sky130_fd_sc_hd__nand2_1)
                  0.05    0.07    2.35 ^ _26_/Y (sky130_fd_sc_hd__nand2_1)
     1    0.00                           net12 (net)
                  0.05    0.00    2.35 ^ output12/A (sky130_fd_sc_hd__clkbuf_4)
                  0.12    0.18    2.53 ^ output12/X (sky130_fd_sc_hd__clkbuf_4)
     1    0.04                           sum[1] (net)
                  0.12    0.00    2.53 ^ sum[1] (out)
                                  2.53   data arrival time

                  0.00    0.00    0.00   clock __VIRTUAL_CLK__ (rise edge)
                          0.00    0.00   clock network delay (ideal)
                          0.25    0.25   clock uncertainty
                          0.00    0.25   clock reconvergence pessimism
                         -2.00   -1.75   output external delay
                                 -1.75   data required time
-----------------------------------------------------------------------------
                                 -1.75   data required time
                                 -2.53   data arrival time
-----------------------------------------------------------------------------
                                  4.28   slack (MET)



