
===========================================================================
report_checks -path_delay min (Hold)
============================================================================
======================= Typical Corner ===================================

Startpoint: a[0] (input port clocked by __VIRTUAL_CLK__)
Endpoint: sum[0] (output port clocked by __VIRTUAL_CLK__)
Path Group: __VIRTUAL_CLK__
Path Type: min

Fanout     Cap    Slew   Delay    Time   Description
-----------------------------------------------------------------------------
                  0.00    0.00    0.00   clock __VIRTUAL_CLK__ (rise edge)
                          0.00    0.00   clock network delay (ideal)
                          2.00    2.00 v input external delay
                  0.01    0.00    2.00 v a[0] (in)
     1    0.00                           a[0] (net)
                  0.01    0.00    2.00 v input1/A (sky130_fd_sc_hd__buf_1)
                  0.07    0.11    2.11 v input1/X (sky130_fd_sc_hd__buf_1)
     2    0.01                           net1 (net)
                  0.07    0.00    2.11 v _20_/A (sky130_fd_sc_hd__xnor2_1)
                  0.04    0.13    2.24 v _20_/Y (sky130_fd_sc_hd__xnor2_1)
     1    0.00                           net11 (net)
                  0.04    0.00    2.24 v output11/A (sky130_fd_sc_hd__clkbuf_4)
                  0.08    0.17    2.41 v output11/X (sky130_fd_sc_hd__clkbuf_4)
     1    0.03                           sum[0] (net)
                  0.08    0.00    2.41 v sum[0] (out)
                                  2.41   data arrival time

                  0.00    0.00    0.00   clock __VIRTUAL_CLK__ (rise edge)
                          0.00    0.00   clock network delay (ideal)
                          0.25    0.25   clock uncertainty
                          0.00    0.25   clock reconvergence pessimism
                         -2.00   -1.75   output external delay
                                 -1.75   data required time
-----------------------------------------------------------------------------
                                 -1.75   data required time
                                 -2.41   data arrival time
-----------------------------------------------------------------------------
                                  4.16   slack (MET)


Startpoint: b[2] (input port clocked by __VIRTUAL_CLK__)
Endpoint: sum[2] (output port clocked by __VIRTUAL_CLK__)
Path Group: __VIRTUAL_CLK__
Path Type: min

Fanout     Cap    Slew   Delay    Time   Description
-----------------------------------------------------------------------------
                  0.00    0.00    0.00   clock __VIRTUAL_CLK__ (rise edge)
                          0.00    0.00   clock network delay (ideal)
                          2.00    2.00 ^ input external delay
                  0.02    0.01    2.01 ^ b[2] (in)
     1    0.00                           b[2] (net)
                  0.02    0.00    2.01 ^ input7/A (sky130_fd_sc_hd__clkbuf_1)
                  0.07    0.09    2.10 ^ input7/X (sky130_fd_sc_hd__clkbuf_1)
     2    0.01                           net7 (net)
                  0.07    0.00    2.10 ^ _29_/A (sky130_fd_sc_hd__nand2_1)
                  0.05    0.06    2.16 v _29_/Y (sky130_fd_sc_hd__nand2_1)
     2    0.01                           _10_ (net)
                  0.05    0.00    2.16 v _31_/A (sky130_fd_sc_hd__nand2_1)
                  0.06    0.07    2.23 ^ _31_/Y (sky130_fd_sc_hd__nand2_1)
     1    0.01                           _12_ (net)
                  0.06    0.00    2.23 ^ _32_/B (sky130_fd_sc_hd__xor2_1)
                  0.05    0.07    2.30 v _32_/X (sky130_fd_sc_hd__xor2_1)
     1    0.01                           net13 (net)
                  0.05    0.00    2.30 v output13/A (sky130_fd_sc_hd__clkbuf_4)
                  0.08    0.17    2.48 v output13/X (sky130_fd_sc_hd__clkbuf_4)
     1    0.03                           sum[2] (net)
                  0.08    0.00    2.48 v sum[2] (out)
                                  2.48   data arrival time

                  0.00    0.00    0.00   clock __VIRTUAL_CLK__ (rise edge)
                          0.00    0.00   clock network delay (ideal)
                          0.25    0.25   clock uncertainty
                          0.00    0.25   clock reconvergence pessimism
                         -2.00   -1.75   output external delay
                                 -1.75   data required time
-----------------------------------------------------------------------------
                                 -1.75   data required time
                                 -2.48   data arrival time
-----------------------------------------------------------------------------
                                  4.23   slack (MET)


Startpoint: b[3] (input port clocked by __VIRTUAL_CLK__)
Endpoint: cout (output port clocked by __VIRTUAL_CLK__)
Path Group: __VIRTUAL_CLK__
Path Type: min

Fanout     Cap    Slew   Delay    Time   Description
-----------------------------------------------------------------------------
                  0.00    0.00    0.00   clock __VIRTUAL_CLK__ (rise edge)
                          0.00    0.00   clock network delay (ideal)
                          2.00    2.00 ^ input external delay
                  0.02    0.01    2.01 ^ b[3] (in)
     1    0.00                           b[3] (net)
                  0.02    0.00    2.01 ^ input8/A (sky130_fd_sc_hd__clkbuf_1)
                  0.06    0.08    2.09 ^ input8/X (sky130_fd_sc_hd__clkbuf_1)
     2    0.00                           net8 (net)
                  0.06    0.00    2.09 ^ _34_/A (sky130_fd_sc_hd__or2_1)
                  0.06    0.10    2.20 ^ _34_/X (sky130_fd_sc_hd__or2_1)
     2    0.00                           _14_ (net)
                  0.06    0.00    2.20 ^ _38_/B1 (sky130_fd_sc_hd__o21a_1)
                  0.05    0.11    2.31 ^ _38_/X (sky130_fd_sc_hd__o21a_1)
     1    0.00                           net10 (net)
                  0.05    0.00    2.31 ^ output10/A (sky130_fd_sc_hd__clkbuf_4)
                  0.11    0.18    2.49 ^ output10/X (sky130_fd_sc_hd__clkbuf_4)
     1    0.03                           cout (net)
                  0.11    0.00    2.49 ^ cout (out)
                                  2.49   data arrival time

                  0.00    0.00    0.00   clock __VIRTUAL_CLK__ (rise edge)
                          0.00    0.00   clock network delay (ideal)
                          0.25    0.25   clock uncertainty
                          0.00    0.25   clock reconvergence pessimism
                         -2.00   -1.75   output external delay
                                 -1.75   data required time
-----------------------------------------------------------------------------
                                 -1.75   data required time
                                 -2.49   data arrival time
-----------------------------------------------------------------------------
                                  4.24   slack (MET)


Startpoint: b[2] (input port clocked by __VIRTUAL_CLK__)
Endpoint: sum[3] (output port clocked by __VIRTUAL_CLK__)
Path Group: __VIRTUAL_CLK__
Path Type: min

Fanout     Cap    Slew   Delay    Time   Description
-----------------------------------------------------------------------------
                  0.00    0.00    0.00   clock __VIRTUAL_CLK__ (rise edge)
                          0.00    0.00   clock network delay (ideal)
                          2.00    2.00 v input external delay
                  0.01    0.00    2.00 v b[2] (in)
     1    0.00                           b[2] (net)
                  0.01    0.00    2.00 v input7/A (sky130_fd_sc_hd__clkbuf_1)
                  0.04    0.08    2.08 v input7/X (sky130_fd_sc_hd__clkbuf_1)
     2    0.01                           net7 (net)
                  0.04    0.00    2.08 v _29_/A (sky130_fd_sc_hd__nand2_1)
                  0.06    0.07    2.15 ^ _29_/Y (sky130_fd_sc_hd__nand2_1)
     2    0.01                           _10_ (net)
                  0.06    0.00    2.15 ^ _36_/A2 (sky130_fd_sc_hd__a21boi_1)
                  0.06    0.09    2.24 v _36_/Y (sky130_fd_sc_hd__a21boi_1)
     2    0.01                           _16_ (net)
                  0.06    0.00    2.24 v _37_/B (sky130_fd_sc_hd__xnor2_1)
                  0.04    0.12    2.35 v _37_/Y (sky130_fd_sc_hd__xnor2_1)
     1    0.00                           net14 (net)
                  0.04    0.00    2.35 v output14/A (sky130_fd_sc_hd__buf_2)
                  0.09    0.17    2.52 v output14/X (sky130_fd_sc_hd__buf_2)
     1    0.03                           sum[3] (net)
                  0.09    0.00    2.52 v sum[3] (out)
                                  2.52   data arrival time

                  0.00    0.00    0.00   clock __VIRTUAL_CLK__ (rise edge)
                          0.00    0.00   clock network delay (ideal)
                          0.25    0.25   clock uncertainty
                          0.00    0.25   clock reconvergence pessimism
                         -2.00   -1.75   output external delay
                                 -1.75   data required time
-----------------------------------------------------------------------------
                                 -1.75   data required time
                                 -2.52   data arrival time
-----------------------------------------------------------------------------
                                  4.27   slack (MET)


Startpoint: a[0] (input port clocked by __VIRTUAL_CLK__)
Endpoint: sum[1] (output port clocked by __VIRTUAL_CLK__)
Path Group: __VIRTUAL_CLK__
Path Type: min

Fanout     Cap    Slew   Delay    Time   Description
-----------------------------------------------------------------------------
                  0.00    0.00    0.00   clock __VIRTUAL_CLK__ (rise edge)
                          0.00    0.00   clock network delay (ideal)
                          2.00    2.00 v input external delay
                  0.01    0.00    2.00 v a[0] (in)
     1    0.00                           a[0] (net)
                  0.01    0.00    2.00 v input1/A (sky130_fd_sc_hd__buf_1)
                  0.07    0.11    2.11 v input1/X (sky130_fd_sc_hd__buf_1)
     2    0.01                           net1 (net)
                  0.07    0.00    2.11 v _21_/B1 (sky130_fd_sc_hd__o21ai_2)
                  0.08    0.08    2.20 ^ _21_/Y (sky130_fd_sc_hd__o21ai_2)
     3    0.01                           _03_ (net)
                  0.08    0.00    2.20 ^ _25_/B (sky130_fd_sc_hd__nand4_1)
                  0.06    0.08    2.28 v _25_/Y (sky130_fd_sc_hd__nand4_1)
     1    0.00                           _07_ (net)
                  0.06    0.00    2.28 v _26_/B (sky130_fd_sc_hd__nand2_1)
                  0.05    0.08    2.35 ^ _26_/Y (sky130_fd_sc_hd__nand2_1)
     1    0.00                           net12 (net)
                  0.05    0.00    2.35 ^ output12/A (sky130_fd_sc_hd__clkbuf_4)
                  0.12    0.18    2.53 ^ output12/X (sky130_fd_sc_hd__clkbuf_4)
     1    0.04                           sum[1] (net)
                  0.12    0.00    2.53 ^ sum[1] (out)
                                  2.53   data arrival time

                  0.00    0.00    0.00   clock __VIRTUAL_CLK__ (rise edge)
                          0.00    0.00   clock network delay (ideal)
                          0.25    0.25   clock uncertainty
                          0.00    0.25   clock reconvergence pessimism
                         -2.00   -1.75   output external delay
                                 -1.75   data required time
-----------------------------------------------------------------------------
                                 -1.75   data required time
                                 -2.53   data arrival time
-----------------------------------------------------------------------------
                                  4.28   slack (MET)



