CVC: Log output to /openlane/designs/rca/runs/RUN_2026.06.23_11.32.13/reports/signoff/rca_4bit.rpt
CVC: Error output to /openlane/designs/rca/runs/RUN_2026.06.23_11.32.13/reports/signoff/rca_4bit.rpt.error.gz
CVC: Debug output to /openlane/designs/rca/runs/RUN_2026.06.23_11.32.13/reports/signoff/rca_4bit.rpt.debug.gz
CVC: Circuit Validation Check  Version 1.1.4
CVC: Start: Tue Jun 23 11:32:40 2026

Using the following parameters for CVC (Circuit Validation Check) from /home/teja/.ciel/sky130A/libs.tech/openlane/cvc/cvcrc
CVC_TOP = 'rca_4bit'
CVC_NETLIST = '/openlane/designs/rca/runs/RUN_2026.06.23_11.32.13/tmp/signoff/rca_4bit.cdl'
CVC_MODE = 'rca_4bit'
CVC_MODEL_FILE = '/home/teja/.ciel/sky130A/libs.tech/openlane/cvc/models'
CVC_POWER_FILE = '/openlane/designs/rca/runs/RUN_2026.06.23_11.32.13/tmp/signoff/rca_4bit.power'
CVC_FUSE_FILE = ''
CVC_REPORT_FILE = '/openlane/designs/rca/runs/RUN_2026.06.23_11.32.13/reports/signoff/rca_4bit.rpt'
CVC_REPORT_TITLE = 'CVC $CVC_TOP'
CVC_CIRCUIT_ERROR_LIMIT = '100'
CVC_SEARCH_LIMIT = '100'
CVC_LEAK_LIMIT = '0.0002'
CVC_SOI = 'false'
CVC_SCRC = 'false'
CVC_VTH_GATES = 'false'
CVC_MIN_VTH_GATES = 'false'
CVC_IGNORE_VTH_FLOATING = 'false'
CVC_IGNORE_NO_LEAK_FLOATING = 'false'
CVC_LEAK_OVERVOLTAGE = 'true'
CVC_LOGIC_DIODES = 'false'
CVC_ANALOG_GATES = 'true'
CVC_BACKUP_RESULTS = 'false'
CVC_MOS_DIODE_ERROR_THRESHOLD = '0'
CVC_SHORT_ERROR_THRESHOLD = '0'
CVC_BIAS_ERROR_THRESHOLD = '0'
CVC_FORWARD_ERROR_THRESHOLD = '0'
CVC_FLOATING_ERROR_THRESHOLD = '0'
CVC_GATE_ERROR_THRESHOLD = '0'
CVC_LEAK?_ERROR_THRESHOLD = '0'
CVC_EXPECTED_ERROR_THRESHOLD = '0'
CVC_OVERVOLTAGE_ERROR_THRESHOLD = '0'
CVC_PARALLEL_CIRCUIT_PORT_LIMIT = '0'
CVC_CELL_ERROR_LIMIT_FILE = ''
CVC_CELL_CHECKSUM_FILE = ''
CVC_LARGE_CIRCUIT_SIZE = '10000000'
CVC_NET_CHECK_FILE = ''
CVC_MODEL_CHECK_FILE = ''
End of parameters

CVC: Reading device model settings...
CVC: Reading power settings...
CVC: Parsing netlist /openlane/designs/rca/runs/RUN_2026.06.23_11.32.13/tmp/signoff/rca_4bit.cdl
Cdl fixed data size 18281
Usage CDL: Time: 0  Memory: 6232  I/O: 5240  Swap: 0
CVC: Counting and linking...
