
===========================================================================
report_checks -path_delay max (Setup)
============================================================================
======================= Typical Corner ===================================

Startpoint: b[1] (input port clocked by __VIRTUAL_CLK__)
Endpoint: sum[3] (output port clocked by __VIRTUAL_CLK__)
Path Group: __VIRTUAL_CLK__
Path Type: max

Fanout     Cap    Slew   Delay    Time   Description
-----------------------------------------------------------------------------
                  0.00    0.00    0.00   clock __VIRTUAL_CLK__ (rise edge)
                          0.00    0.00   clock network delay (ideal)
                          2.00    2.00 ^ input external delay
                  0.04    0.02    2.02 ^ b[1] (in)
     1    0.01                           b[1] (net)
                  0.04    0.00    2.02 ^ input6/A (sky130_fd_sc_hd__buf_1)
                  0.13    0.15    2.17 ^ input6/X (sky130_fd_sc_hd__buf_1)
     3    0.01                           net6 (net)
                  0.13    0.00    2.17 ^ _22_/A (sky130_fd_sc_hd__nand2_1)
                  0.08    0.11    2.28 v _22_/Y (sky130_fd_sc_hd__nand2_1)
     3    0.01                           _04_ (net)
                  0.08    0.00    2.28 v _28_/A3 (sky130_fd_sc_hd__a31o_1)
                  0.06    0.27    2.55 v _28_/X (sky130_fd_sc_hd__a31o_1)
     2    0.01                           _09_ (net)
                  0.06    0.00    2.55 v _36_/A1 (sky130_fd_sc_hd__a21boi_1)
                  0.22    0.22    2.77 ^ _36_/Y (sky130_fd_sc_hd__a21boi_1)
     2    0.01                           _16_ (net)
                  0.22    0.00    2.77 ^ _37_/B (sky130_fd_sc_hd__xnor2_1)
                  0.12    0.15    2.93 ^ _37_/Y (sky130_fd_sc_hd__xnor2_1)
     1    0.00                           net14 (net)
                  0.12    0.00    2.93 ^ output14/A (sky130_fd_sc_hd__buf_2)
                  0.17    0.24    3.17 ^ output14/X (sky130_fd_sc_hd__buf_2)
     1    0.03                           sum[3] (net)
                  0.17    0.00    3.17 ^ sum[3] (out)
                                  3.17   data arrival time

                  0.00   10.00   10.00   clock __VIRTUAL_CLK__ (rise edge)
                          0.00   10.00   clock network delay (ideal)
                         -0.25    9.75   clock uncertainty
                          0.00    9.75   clock reconvergence pessimism
                         -2.00    7.75   output external delay
                                  7.75   data required time
-----------------------------------------------------------------------------
                                  7.75   data required time
                                 -3.17   data arrival time
-----------------------------------------------------------------------------
                                  4.58   slack (MET)


Startpoint: b[1] (input port clocked by __VIRTUAL_CLK__)
Endpoint: cout (output port clocked by __VIRTUAL_CLK__)
Path Group: __VIRTUAL_CLK__
Path Type: max

Fanout     Cap    Slew   Delay    Time   Description
-----------------------------------------------------------------------------
                  0.00    0.00    0.00   clock __VIRTUAL_CLK__ (rise edge)
                          0.00    0.00   clock network delay (ideal)
                          2.00    2.00 ^ input external delay
                  0.04    0.02    2.02 ^ b[1] (in)
     1    0.01                           b[1] (net)
                  0.04    0.00    2.02 ^ input6/A (sky130_fd_sc_hd__buf_1)
                  0.13    0.15    2.17 ^ input6/X (sky130_fd_sc_hd__buf_1)
     3    0.01                           net6 (net)
                  0.13    0.00    2.17 ^ _22_/A (sky130_fd_sc_hd__nand2_1)
                  0.08    0.11    2.28 v _22_/Y (sky130_fd_sc_hd__nand2_1)
     3    0.01                           _04_ (net)
                  0.08    0.00    2.28 v _28_/A3 (sky130_fd_sc_hd__a31o_1)
                  0.06    0.27    2.55 v _28_/X (sky130_fd_sc_hd__a31o_1)
     2    0.01                           _09_ (net)
                  0.06    0.00    2.55 v _36_/A1 (sky130_fd_sc_hd__a21boi_1)
                  0.22    0.22    2.77 ^ _36_/Y (sky130_fd_sc_hd__a21boi_1)
     2    0.01                           _16_ (net)
                  0.22    0.00    2.77 ^ _38_/A2 (sky130_fd_sc_hd__o21a_1)
                  0.05    0.15    2.93 ^ _38_/X (sky130_fd_sc_hd__o21a_1)
     1    0.00                           net10 (net)
                  0.05    0.00    2.93 ^ output10/A (sky130_fd_sc_hd__clkbuf_4)
                  0.11    0.20    3.12 ^ output10/X (sky130_fd_sc_hd__clkbuf_4)
     1    0.03                           cout (net)
                  0.11    0.00    3.12 ^ cout (out)
                                  3.12   data arrival time

                  0.00   10.00   10.00   clock __VIRTUAL_CLK__ (rise edge)
                          0.00   10.00   clock network delay (ideal)
                         -0.25    9.75   clock uncertainty
                          0.00    9.75   clock reconvergence pessimism
                         -2.00    7.75   output external delay
                                  7.75   data required time
-----------------------------------------------------------------------------
                                  7.75   data required time
                                 -3.12   data arrival time
-----------------------------------------------------------------------------
                                  4.63   slack (MET)


Startpoint: b[1] (input port clocked by __VIRTUAL_CLK__)
Endpoint: sum[2] (output port clocked by __VIRTUAL_CLK__)
Path Group: __VIRTUAL_CLK__
Path Type: max

Fanout     Cap    Slew   Delay    Time   Description
-----------------------------------------------------------------------------
                  0.00    0.00    0.00   clock __VIRTUAL_CLK__ (rise edge)
                          0.00    0.00   clock network delay (ideal)
                          2.00    2.00 ^ input external delay
                  0.04    0.02    2.02 ^ b[1] (in)
     1    0.01                           b[1] (net)
                  0.04    0.00    2.02 ^ input6/A (sky130_fd_sc_hd__buf_1)
                  0.13    0.15    2.17 ^ input6/X (sky130_fd_sc_hd__buf_1)
     3    0.01                           net6 (net)
                  0.13    0.00    2.17 ^ _22_/A (sky130_fd_sc_hd__nand2_1)
                  0.08    0.11    2.28 v _22_/Y (sky130_fd_sc_hd__nand2_1)
     3    0.01                           _04_ (net)
                  0.08    0.00    2.28 v _28_/A3 (sky130_fd_sc_hd__a31o_1)
                  0.06    0.27    2.55 v _28_/X (sky130_fd_sc_hd__a31o_1)
     2    0.01                           _09_ (net)
                  0.06    0.00    2.55 v _32_/A (sky130_fd_sc_hd__xor2_1)
                  0.15    0.19    2.74 ^ _32_/X (sky130_fd_sc_hd__xor2_1)
     1    0.01                           net13 (net)
                  0.15    0.00    2.74 ^ output13/A (sky130_fd_sc_hd__clkbuf_4)
                  0.12    0.24    2.98 ^ output13/X (sky130_fd_sc_hd__clkbuf_4)
     1    0.04                           sum[2] (net)
                  0.12    0.00    2.99 ^ sum[2] (out)
                                  2.99   data arrival time

                  0.00   10.00   10.00   clock __VIRTUAL_CLK__ (rise edge)
                          0.00   10.00   clock network delay (ideal)
                         -0.25    9.75   clock uncertainty
                          0.00    9.75   clock reconvergence pessimism
                         -2.00    7.75   output external delay
                                  7.75   data required time
-----------------------------------------------------------------------------
                                  7.75   data required time
                                 -2.99   data arrival time
-----------------------------------------------------------------------------
                                  4.76   slack (MET)


Startpoint: b[1] (input port clocked by __VIRTUAL_CLK__)
Endpoint: sum[1] (output port clocked by __VIRTUAL_CLK__)
Path Group: __VIRTUAL_CLK__
Path Type: max

Fanout     Cap    Slew   Delay    Time   Description
-----------------------------------------------------------------------------
                  0.00    0.00    0.00   clock __VIRTUAL_CLK__ (rise edge)
                          0.00    0.00   clock network delay (ideal)
                          2.00    2.00 v input external delay
                  0.02    0.01    2.01 v b[1] (in)
     1    0.01                           b[1] (net)
                  0.02    0.00    2.01 v input6/A (sky130_fd_sc_hd__buf_1)
                  0.07    0.11    2.12 v input6/X (sky130_fd_sc_hd__buf_1)
     3    0.01                           net6 (net)
                  0.07    0.00    2.13 v _23_/A (sky130_fd_sc_hd__or2_1)
                  0.06    0.26    2.38 v _23_/X (sky130_fd_sc_hd__or2_1)
     2    0.01                           _05_ (net)
                  0.06    0.00    2.38 v _24_/B2 (sky130_fd_sc_hd__a22o_1)
                  0.04    0.21    2.60 v _24_/X (sky130_fd_sc_hd__a22o_1)
     1    0.00                           _06_ (net)
                  0.04    0.00    2.60 v _26_/A (sky130_fd_sc_hd__nand2_1)
                  0.06    0.07    2.66 ^ _26_/Y (sky130_fd_sc_hd__nand2_1)
     1    0.00                           net12 (net)
                  0.06    0.00    2.66 ^ output12/A (sky130_fd_sc_hd__clkbuf_4)
                  0.11    0.20    2.86 ^ output12/X (sky130_fd_sc_hd__clkbuf_4)
     1    0.03                           sum[1] (net)
                  0.11    0.00    2.86 ^ sum[1] (out)
                                  2.86   data arrival time

                  0.00   10.00   10.00   clock __VIRTUAL_CLK__ (rise edge)
                          0.00   10.00   clock network delay (ideal)
                         -0.25    9.75   clock uncertainty
                          0.00    9.75   clock reconvergence pessimism
                         -2.00    7.75   output external delay
                                  7.75   data required time
-----------------------------------------------------------------------------
                                  7.75   data required time
                                 -2.86   data arrival time
-----------------------------------------------------------------------------
                                  4.89   slack (MET)


Startpoint: b[0] (input port clocked by __VIRTUAL_CLK__)
Endpoint: sum[0] (output port clocked by __VIRTUAL_CLK__)
Path Group: __VIRTUAL_CLK__
Path Type: max

Fanout     Cap    Slew   Delay    Time   Description
-----------------------------------------------------------------------------
                  0.00    0.00    0.00   clock __VIRTUAL_CLK__ (rise edge)
                          0.00    0.00   clock network delay (ideal)
                          2.00    2.00 v input external delay
                  0.01    0.00    2.00 v b[0] (in)
     1    0.00                           b[0] (net)
                  0.01    0.00    2.00 v input5/A (sky130_fd_sc_hd__buf_1)
                  0.07    0.11    2.12 v input5/X (sky130_fd_sc_hd__buf_1)
     3    0.01                           net5 (net)
                  0.07    0.00    2.12 v _18_/A (sky130_fd_sc_hd__or2_1)
                  0.05    0.25    2.37 v _18_/X (sky130_fd_sc_hd__or2_1)
     1    0.00                           _01_ (net)
                  0.05    0.00    2.37 v _19_/B (sky130_fd_sc_hd__nand2_1)
                  0.06    0.08    2.45 ^ _19_/Y (sky130_fd_sc_hd__nand2_1)
     1    0.01                           _02_ (net)
                  0.06    0.00    2.45 ^ _20_/B (sky130_fd_sc_hd__xnor2_1)
                  0.11    0.11    2.56 ^ _20_/Y (sky130_fd_sc_hd__xnor2_1)
     1    0.00                           net11 (net)
                  0.11    0.00    2.56 ^ output11/A (sky130_fd_sc_hd__clkbuf_4)
                  0.11    0.22    2.78 ^ output11/X (sky130_fd_sc_hd__clkbuf_4)
     1    0.03                           sum[0] (net)
                  0.11    0.00    2.78 ^ sum[0] (out)
                                  2.78   data arrival time

                  0.00   10.00   10.00   clock __VIRTUAL_CLK__ (rise edge)
                          0.00   10.00   clock network delay (ideal)
                         -0.25    9.75   clock uncertainty
                          0.00    9.75   clock reconvergence pessimism
                         -2.00    7.75   output external delay
                                  7.75   data required time
-----------------------------------------------------------------------------
                                  7.75   data required time
                                 -2.78   data arrival time
-----------------------------------------------------------------------------
                                  4.97   slack (MET)



