
===========================================================================
report_checks -path_delay min (Hold)
============================================================================
======================= Typical Corner ===================================

Startpoint: a[0] (input port clocked by __VIRTUAL_CLK__)
Endpoint: sum[0] (output port clocked by __VIRTUAL_CLK__)
Path Group: __VIRTUAL_CLK__
Path Type: min

Fanout     Cap    Slew   Delay    Time   Description
-----------------------------------------------------------------------------
                  0.00    0.00    0.00   clock __VIRTUAL_CLK__ (rise edge)
                          0.00    0.00   clock network delay (ideal)
                          2.00    2.00 ^ input external delay
                  0.02    0.01    2.01 ^ a[0] (in)
     1    0.00                           a[0] (net)
                  0.02    0.00    2.01 ^ input1/A (sky130_fd_sc_hd__buf_1)
                  0.12    0.12    2.12 ^ input1/X (sky130_fd_sc_hd__buf_1)
     2    0.01                           net1 (net)
                  0.12    0.00    2.12 ^ _20_/A (sky130_fd_sc_hd__xnor2_1)
                  0.03    0.07    2.20 v _20_/Y (sky130_fd_sc_hd__xnor2_1)
     1    0.00                           net11 (net)
                  0.03    0.00    2.20 v output11/A (sky130_fd_sc_hd__clkbuf_4)
                  0.08    0.17    2.36 v output11/X (sky130_fd_sc_hd__clkbuf_4)
     1    0.03                           sum[0] (net)
                  0.08    0.00    2.36 v sum[0] (out)
                                  2.36   data arrival time

                  0.00    0.00    0.00   clock __VIRTUAL_CLK__ (rise edge)
                          0.00    0.00   clock network delay (ideal)
                          0.25    0.25   clock uncertainty
                          0.00    0.25   clock reconvergence pessimism
                         -2.00   -1.75   output external delay
                                 -1.75   data required time
-----------------------------------------------------------------------------
                                 -1.75   data required time
                                 -2.36   data arrival time
-----------------------------------------------------------------------------
                                  4.11   slack (MET)


Startpoint: b[2] (input port clocked by __VIRTUAL_CLK__)
Endpoint: sum[2] (output port clocked by __VIRTUAL_CLK__)
Path Group: __VIRTUAL_CLK__
Path Type: min

Fanout     Cap    Slew   Delay    Time   Description
-----------------------------------------------------------------------------
                  0.00    0.00    0.00   clock __VIRTUAL_CLK__ (rise edge)
                          0.00    0.00   clock network delay (ideal)
                          2.00    2.00 ^ input external delay
                  0.02    0.01    2.01 ^ b[2] (in)
     1    0.00                           b[2] (net)
                  0.02    0.00    2.01 ^ input7/A (sky130_fd_sc_hd__clkbuf_1)
                  0.06    0.08    2.08 ^ input7/X (sky130_fd_sc_hd__clkbuf_1)
     2    0.00                           net7 (net)
                  0.06    0.00    2.08 ^ _29_/A (sky130_fd_sc_hd__nand2_1)
                  0.04    0.05    2.14 v _29_/Y (sky130_fd_sc_hd__nand2_1)
     2    0.00                           _10_ (net)
                  0.04    0.00    2.14 v _31_/A (sky130_fd_sc_hd__nand2_1)
                  0.05    0.06    2.20 ^ _31_/Y (sky130_fd_sc_hd__nand2_1)
     1    0.00                           _12_ (net)
                  0.05    0.00    2.20 ^ _32_/B (sky130_fd_sc_hd__xor2_1)
                  0.03    0.05    2.25 v _32_/X (sky130_fd_sc_hd__xor2_1)
     1    0.00                           net13 (net)
                  0.03    0.00    2.25 v output13/A (sky130_fd_sc_hd__clkbuf_4)
                  0.08    0.17    2.42 v output13/X (sky130_fd_sc_hd__clkbuf_4)
     1    0.03                           sum[2] (net)
                  0.08    0.00    2.42 v sum[2] (out)
                                  2.42   data arrival time

                  0.00    0.00    0.00   clock __VIRTUAL_CLK__ (rise edge)
                          0.00    0.00   clock network delay (ideal)
                          0.25    0.25   clock uncertainty
                          0.00    0.25   clock reconvergence pessimism
                         -2.00   -1.75   output external delay
                                 -1.75   data required time
-----------------------------------------------------------------------------
                                 -1.75   data required time
                                 -2.42   data arrival time
-----------------------------------------------------------------------------
                                  4.17   slack (MET)


Startpoint: a[3] (input port clocked by __VIRTUAL_CLK__)
Endpoint: cout (output port clocked by __VIRTUAL_CLK__)
Path Group: __VIRTUAL_CLK__
Path Type: min

Fanout     Cap    Slew   Delay    Time   Description
-----------------------------------------------------------------------------
                  0.00    0.00    0.00   clock __VIRTUAL_CLK__ (rise edge)
                          0.00    0.00   clock network delay (ideal)
                          2.00    2.00 ^ input external delay
                  0.02    0.01    2.01 ^ a[3] (in)
     1    0.00                           a[3] (net)
                  0.02    0.00    2.01 ^ input4/A (sky130_fd_sc_hd__clkbuf_1)
                  0.05    0.07    2.08 ^ input4/X (sky130_fd_sc_hd__clkbuf_1)
     2    0.00                           net4 (net)
                  0.05    0.00    2.08 ^ _34_/B (sky130_fd_sc_hd__or2_1)
                  0.05    0.09    2.17 ^ _34_/X (sky130_fd_sc_hd__or2_1)
     2    0.00                           _14_ (net)
                  0.05    0.00    2.17 ^ _38_/B1 (sky130_fd_sc_hd__o21a_1)
                  0.04    0.10    2.27 ^ _38_/X (sky130_fd_sc_hd__o21a_1)
     1    0.00                           net10 (net)
                  0.04    0.00    2.27 ^ output10/A (sky130_fd_sc_hd__clkbuf_4)
                  0.11    0.17    2.44 ^ output10/X (sky130_fd_sc_hd__clkbuf_4)
     1    0.03                           cout (net)
                  0.11    0.00    2.44 ^ cout (out)
                                  2.44   data arrival time

                  0.00    0.00    0.00   clock __VIRTUAL_CLK__ (rise edge)
                          0.00    0.00   clock network delay (ideal)
                          0.25    0.25   clock uncertainty
                          0.00    0.25   clock reconvergence pessimism
                         -2.00   -1.75   output external delay
                                 -1.75   data required time
-----------------------------------------------------------------------------
                                 -1.75   data required time
                                 -2.44   data arrival time
-----------------------------------------------------------------------------
                                  4.19   slack (MET)


Startpoint: cin (input port clocked by __VIRTUAL_CLK__)
Endpoint: sum[1] (output port clocked by __VIRTUAL_CLK__)
Path Group: __VIRTUAL_CLK__
Path Type: min

Fanout     Cap    Slew   Delay    Time   Description
-----------------------------------------------------------------------------
                  0.00    0.00    0.00   clock __VIRTUAL_CLK__ (rise edge)
                          0.00    0.00   clock network delay (ideal)
                          2.00    2.00 ^ input external delay
                  0.02    0.01    2.01 ^ cin (in)
     1    0.00                           cin (net)
                  0.02    0.00    2.01 ^ input9/A (sky130_fd_sc_hd__buf_1)
                  0.11    0.11    2.12 ^ input9/X (sky130_fd_sc_hd__buf_1)
     3    0.01                           net9 (net)
                  0.11    0.00    2.12 ^ _21_/A2 (sky130_fd_sc_hd__o21ai_2)
                  0.04    0.07    2.19 v _21_/Y (sky130_fd_sc_hd__o21ai_2)
     3    0.01                           _03_ (net)
                  0.04    0.00    2.19 v _25_/B (sky130_fd_sc_hd__nand4_1)
                  0.05    0.07    2.26 ^ _25_/Y (sky130_fd_sc_hd__nand4_1)
     1    0.00                           _07_ (net)
                  0.05    0.00    2.26 ^ _26_/B (sky130_fd_sc_hd__nand2_1)
                  0.03    0.04    2.30 v _26_/Y (sky130_fd_sc_hd__nand2_1)
     1    0.00                           net12 (net)
                  0.03    0.00    2.30 v output12/A (sky130_fd_sc_hd__clkbuf_4)
                  0.08    0.16    2.47 v output12/X (sky130_fd_sc_hd__clkbuf_4)
     1    0.03                           sum[1] (net)
                  0.08    0.00    2.47 v sum[1] (out)
                                  2.47   data arrival time

                  0.00    0.00    0.00   clock __VIRTUAL_CLK__ (rise edge)
                          0.00    0.00   clock network delay (ideal)
                          0.25    0.25   clock uncertainty
                          0.00    0.25   clock reconvergence pessimism
                         -2.00   -1.75   output external delay
                                 -1.75   data required time
-----------------------------------------------------------------------------
                                 -1.75   data required time
                                 -2.47   data arrival time
-----------------------------------------------------------------------------
                                  4.22   slack (MET)


Startpoint: b[2] (input port clocked by __VIRTUAL_CLK__)
Endpoint: sum[3] (output port clocked by __VIRTUAL_CLK__)
Path Group: __VIRTUAL_CLK__
Path Type: min

Fanout     Cap    Slew   Delay    Time   Description
-----------------------------------------------------------------------------
                  0.00    0.00    0.00   clock __VIRTUAL_CLK__ (rise edge)
                          0.00    0.00   clock network delay (ideal)
                          2.00    2.00 v input external delay
                  0.01    0.00    2.00 v b[2] (in)
     1    0.00                           b[2] (net)
                  0.01    0.00    2.00 v input7/A (sky130_fd_sc_hd__clkbuf_1)
                  0.03    0.07    2.08 v input7/X (sky130_fd_sc_hd__clkbuf_1)
     2    0.00                           net7 (net)
                  0.03    0.00    2.08 v _29_/A (sky130_fd_sc_hd__nand2_1)
                  0.06    0.06    2.13 ^ _29_/Y (sky130_fd_sc_hd__nand2_1)
     2    0.00                           _10_ (net)
                  0.06    0.00    2.13 ^ _36_/A2 (sky130_fd_sc_hd__a21boi_1)
                  0.05    0.08    2.21 v _36_/Y (sky130_fd_sc_hd__a21boi_1)
     2    0.01                           _16_ (net)
                  0.05    0.00    2.21 v _37_/B (sky130_fd_sc_hd__xnor2_1)
                  0.03    0.11    2.32 v _37_/Y (sky130_fd_sc_hd__xnor2_1)
     1    0.00                           net14 (net)
                  0.03    0.00    2.32 v output14/A (sky130_fd_sc_hd__buf_2)
                  0.09    0.16    2.48 v output14/X (sky130_fd_sc_hd__buf_2)
     1    0.03                           sum[3] (net)
                  0.09    0.00    2.48 v sum[3] (out)
                                  2.48   data arrival time

                  0.00    0.00    0.00   clock __VIRTUAL_CLK__ (rise edge)
                          0.00    0.00   clock network delay (ideal)
                          0.25    0.25   clock uncertainty
                          0.00    0.25   clock reconvergence pessimism
                         -2.00   -1.75   output external delay
                                 -1.75   data required time
-----------------------------------------------------------------------------
                                 -1.75   data required time
                                 -2.48   data arrival time
-----------------------------------------------------------------------------
                                  4.23   slack (MET)



